# It is used the comand "dumpe2fs /dev/sda1" to get below information.
Filesystem volume name:   <none>
Last mounted on:          /
Filesystem UUID:          b1f56b77-7110-462a-9353-f4b64f3d2a5a
Filesystem magic number:  0xEF53
Filesystem revision #:    1 (dynamic)
Filesystem features:      has_journal ext_attr resize_inode dir_index filetype needs_recovery extent flex_bg sparse_super large_file huge_file uninit_bg dir_nlink extra_isize
Filesystem flags:         signed_directory_hash 
Default mount options:    user_xattr acl
Filesystem state:         clean
Errors behavior:          Continue
Filesystem OS type:       Linux
Inode count:              6291456
Block count:              25165824
Reserved block count:     1258291
Free blocks:              21227478
Free inodes:              5824850
First block:              0
Block size:               4096
Fragment size:            4096
Reserved GDT blocks:      1018
Blocks per group:         32768
Fragments per group:      32768
Inodes per group:         8192
Inode blocks per group:   512
Flex block group size:    16
Filesystem created:       Wed Jul 25 19:36:24 2018
Last mount time:          Wed Aug 15 11:43:31 2018
Last write time:          Wed Aug 15 11:43:30 2018
Mount count:              40
Maximum mount count:      -1
Last checked:             Wed Jul 25 19:36:24 2018
Check interval:           0 (<none>)
Lifetime writes:          35 GB
Reserved blocks uid:      0 (user root)
Reserved blocks gid:      0 (group root)
First inode:              11
Inode size:	          256
Required extra isize:     28
Desired extra isize:      28
Journal inode:            8
First orphan inode:       2504003
Default directory hash:   half_md4
Directory Hash Seed:      2aabbb13-cb8a-42f1-9979-77fe265a3f96
Journal backup:           inode blocks
Journal features:         journal_incompat_revoke
Journal size:             128M
Journal length:           32768
Journal sequence:         0x0000b1fa
Journal start:            24701


Group 0: (Blocks 0-32767) [ITABLE_ZEROED]
  Checksum 0x297b, unused inodes 8176
  Primary superblock at 0, Group descriptors at 1-6
  Reserved GDT blocks at 7-1024
  Block bitmap at 1025 (+1025), Inode bitmap at 1041 (+1041)
  Inode table at 1057-1568 (+1057)
  23202 free blocks, 8177 free inodes, 2 directories, 8176 unused inodes
  Free blocks: 9255-9355, 9667-32767
  Free inodes: 16-8192
Group 1: (Blocks 32768-65535) [INODE_UNINIT, ITABLE_ZEROED]
  Checksum 0x7033, unused inodes 8192
  Backup superblock at 32768, Group descriptors at 32769-32774
  Reserved GDT blocks at 32775-33792
  Block bitmap at 1026 (bg #0 + 1026), Inode bitmap at 1042 (bg #0 + 1042)
  Inode table at 1569-2080 (bg #0 + 1569)
  22702 free blocks, 8192 free inodes, 0 directories, 8192 unused inodes
  Free blocks: 33819-33840, 34165-34175, 34205-34217, 34239-34882, 34903-34967, 35057-35327, 35354-35359, 35384-35388, 35513-35519, 35583-36282, 36537-40959, 45056-47103, 49977-49983, 50032-51199, 52224-65535
  Free inodes: 8193-16384
Group 2: (Blocks 65536-98303) [INODE_UNINIT, ITABLE_ZEROED]
  Checksum 0x147f, unused inodes 8192
  Block bitmap at 1027 (bg #0 + 1027), Inode bitmap at 1043 (bg #0 + 1043)
  Inode table at 2081-2592 (bg #0 + 2081)
  30283 free blocks, 8192 free inodes, 0 directories, 8192 unused inodes
  Free blocks: 65536-74048, 74080-74105, 74237-74747, 75412-75519, 75619-75647, 75708-80418, 81834-90111, 90177-90207, 90228-98303
  Free inodes: 16385-24576
Group 3: (Blocks 98304-131071) [INODE_UNINIT, ITABLE_ZEROED]
  Checksum 0xc603, unused inodes 8192
  Backup superblock at 98304, Group descriptors at 98305-98310
  Reserved GDT blocks at 98311-99328
  Block bitmap at 1028 (bg #0 + 1028), Inode bitmap at 1044 (bg #0 + 1044)
  Inode table at 2593-3104 (bg #0 + 2593)
  24682 free blocks, 8192 free inodes, 0 directories, 8192 unused inodes
  Free blocks: 99329-101065, 101513-101887, 102294-106495, 109150-109567, 111464-111615, 111738-118783, 120320-131071
  Free inodes: 24577-32768
Group 4: (Blocks 131072-163839) [INODE_UNINIT, ITABLE_ZEROED]
  Checksum 0x03f4, unused inodes 8192
  Block bitmap at 1029 (bg #0 + 1029), Inode bitmap at 1045 (bg #0 + 1045)
  Inode table at 3105-3616 (bg #0 + 3105)
  23520 free blocks, 8192 free inodes, 0 directories, 8192 unused inodes
  Free blocks: 131800-133119, 135168-139263, 139865-139887, 139896-139903, 139976-140159, 140186-140188, 140209-140351, 140416-141119, 141148-143245, 143292-146048, 147207-155647, 158133-160767, 162732-163839
  Free inodes: 32769-40960
Group 5: (Blocks 163840-196607) [INODE_UNINIT, ITABLE_ZEROED]
  Checksum 0x9b54, unused inodes 8192
  Backup superblock at 163840, Group descriptors at 163841-163846
  Reserved GDT blocks at 163847-164864
  Block bitmap at 1030 (bg #0 + 1030), Inode bitmap at 1046 (bg #0 + 1046)
  Inode table at 3617-4128 (bg #0 + 3617)
  6254 free blocks, 8192 free inodes, 0 directories, 8192 unused inodes
  Free blocks: 164889-165087, 165096-171007, 171761-171775, 171832-171839, 171912-172031
  Free inodes: 40961-49152
Group 6: (Blocks 196608-229375) [INODE_UNINIT, ITABLE_ZEROED]
  Checksum 0xeef9, unused inodes 8192
  Block bitmap at 1031 (bg #0 + 1031), Inode bitmap at 1047 (bg #0 + 1047)
  Inode table at 4129-4640 (bg #0 + 4129)
  8116 free blocks, 8192 free inodes, 0 directories, 8192 unused inodes
  Free blocks: 206848-207223, 207359-208878, 211285-211295, 211909-217087, 219071, 219120-219135, 227328-228076, 228096-228348, 229365-229375
  Free inodes: 49153-57344
Group 7: (Blocks 229376-262143) [INODE_UNINIT, ITABLE_ZEROED]
  Checksum 0x2103, unused inodes 8192
  Backup superblock at 229376, Group descriptors at 229377-229382
  Reserved GDT blocks at 229383-230400
  Block bitmap at 1032 (bg #0 + 1032), Inode bitmap at 1048 (bg #0 + 1048)
  Inode table at 4641-5152 (bg #0 + 4641)
  4932 free blocks, 8192 free inodes, 0 directories, 8192 unused inodes
  Free blocks: 231452-231455, 231474-231487, 231539-231551, 231667-231903, 231931-231935, 232028-232031, 232059-232063, 233446-235519, 236558-236575, 236603-237119, 237154-237439, 237485-237567, 240987-240991, 241019-241663, 247990-248063, 248235-248319, 250410-250623, 250861-250879, 250957-251135, 251311-251391, 251764-251903, 257272-257279, 257452-257535, 257910-258047
  Free inodes: 57345-65536
Group 8: (Blocks 262144-294911) [INODE_UNINIT, ITABLE_ZEROED]
  Checksum 0x9b42, unused inodes 8192
  Block bitmap at 1033 (bg #0 + 1033), Inode bitmap at 1049 (bg #0 + 1049)
  Inode table at 5153-5664 (bg #0 + 5153)
  6756 free blocks, 8192 free inodes, 0 directories, 8192 unused inodes
  Free blocks: 264905-264927, 265003-265087, 265144-265215, 265352-265355, 265728-266175, 270336-270783, 270841-271359, 273179-273183, 273210-273407, 285411-285695, 287992-288223, 288239-288511, 288573-289151, 289252-290047, 290227-290815, 291643-292351, 293185-293887, 294124-294911
  Free inodes: 65537-73728
Group 9: (Blocks 294912-327679) [INODE_UNINIT, ITABLE_ZEROED]
  Checksum 0x4280, unused inodes 8192
  Backup superblock at 294912, Group descriptors at 294913-294918
  Reserved GDT blocks at 294919-295936
  Block bitmap at 1034 (bg #0 + 1034), Inode bitmap at 1050 (bg #0 + 1050)
  Inode table at 5665-6176 (bg #0 + 5665)
  5898 free blocks, 8192 free inodes, 0 directories, 8192 unused inodes
  Free blocks: 295937-295967, 295985-297200, 298004-299007, 305333-306175, 309773-310271, 310288-312319, 313071-313343
  Free inodes: 73729-81920
Group 10: (Blocks 327680-360447) [INODE_UNINIT, ITABLE_ZEROED]
  Checksum 0xed33, unused inodes 8192
  Block bitmap at 1035 (bg #0 + 1035), Inode bitmap at 1051 (bg #0 + 1051)
  Inode table at 6177-6688 (bg #0 + 6177)
  6119 free blocks, 8192 free inodes, 0 directories, 8192 unused inodes
  Free blocks: 331776-331823, 332892-332895, 332925-332927, 332978-333009, 333220-333287, 333308-333748, 333816-333823, 335872-336895, 337318-337919, 346112-347104, 347236-348159, 349280-350463, 350707-350719, 351603-352255, 360326-360447
  Free inodes: 81921-90112
Group 11: (Blocks 360448-393215) [INODE_UNINIT, ITABLE_ZEROED]
  Checksum 0x8a02, unused inodes 8192
  Block bitmap at 1036 (bg #0 + 1036), Inode bitmap at 1052 (bg #0 + 1052)
  Inode table at 6689-7200 (bg #0 + 6689)
  6437 free blocks, 8192 free inodes, 0 directories, 8192 unused inodes
  Free blocks: 362409-362495, 364544-364799, 365282-366591, 368640-369663, 370239-370303, 370404-370687, 375229-375231, 375293-376831, 389299-391167
  Free inodes: 90113-98304
Group 12: (Blocks 393216-425983) [INODE_UNINIT, ITABLE_ZEROED]
  Checksum 0x594f, unused inodes 8192
  Block bitmap at 1037 (bg #0 + 1037), Inode bitmap at 1053 (bg #0 + 1053)
  Inode table at 7201-7712 (bg #0 + 7201)
  1794 free blocks, 8192 free inodes, 0 directories, 8192 unused inodes
  Free blocks: 394157-394591, 394728-395263, 397085-397311, 400384-400950, 401200-401215, 411637-411647, 425982-425983
  Free inodes: 98305-106496
Group 13: (Blocks 425984-458751) [INODE_UNINIT, ITABLE_ZEROED]
  Checksum 0xa740, unused inodes 8192
  Block bitmap at 1038 (bg #0 + 1038), Inode bitmap at 1054 (bg #0 + 1054)
  Inode table at 7713-8224 (bg #0 + 7713)
  20389 free blocks, 8192 free inodes, 0 directories, 8192 unused inodes
  Free blocks: 429585-430141, 430728-432127, 440320-458751
  Free inodes: 106497-114688
Group 14: (Blocks 458752-491519) [INODE_UNINIT, ITABLE_ZEROED]
  Checksum 0xa863, unused inodes 8192
  Block bitmap at 1039 (bg #0 + 1039), Inode bitmap at 1055 (bg #0 + 1055)
  Inode table at 8225-8736 (bg #0 + 8225)
  29950 free blocks, 8192 free inodes, 0 directories, 8192 unused inodes
  Free blocks: 458752-460312, 460416-460903, 461036-462010, 462546-475135, 477184-491519
  Free inodes: 114689-122880
Group 15: (Blocks 491520-524287) [INODE_UNINIT, ITABLE_ZEROED]
  Checksum 0xca4c, unused inodes 8192
  Block bitmap at 1040 (bg #0 + 1040), Inode bitmap at 1056 (bg #0 + 1056)
  Inode table at 8737-9248 (bg #0 + 8737)
  6207 free blocks, 8192 free inodes, 0 directories, 8192 unused inodes
  Free blocks: 514956-514975, 518101-524287
  Free inodes: 122881-131072
Group 16: (Blocks 524288-557055) [INODE_UNINIT, ITABLE_ZEROED]
  Checksum 0x0bb1, unused inodes 8192
  Block bitmap at 524288 (+0), Inode bitmap at 524304 (+16)
  Inode table at 524320-524831 (+32)
  2268 free blocks, 8192 free inodes, 0 directories, 8192 unused inodes
  Free blocks: 546597-548863, 557055
  Free inodes: 131073-139264
Group 17: (Blocks 557056-589823) [INODE_UNINIT, ITABLE_ZEROED]
  Checksum 0xee09, unused inodes 8192
  Block bitmap at 524289 (bg #16 + 1), Inode bitmap at 524305 (bg #16 + 17)
  Inode table at 524832-525343 (bg #16 + 544)
  17515 free blocks, 8192 free inodes, 0 directories, 8192 unused inodes
  Free blocks: 557056-563044, 563072-563137, 563166-563487, 563573-563647, 563665-564194, 564222-568033, 568053-568275, 568309-570119, 570174-570312, 570614-571391, 583680-585074, 585184-585623, 585841-586751, 588800-589823
  Free inodes: 139265-147456
Group 18: (Blocks 589824-622591) [INODE_UNINIT, ITABLE_ZEROED]
  Checksum 0xb92c, unused inodes 8192
  Block bitmap at 524290 (bg #16 + 2), Inode bitmap at 524306 (bg #16 + 18)
  Inode table at 525344-525855 (bg #16 + 1056)
  5671 free blocks, 8192 free inodes, 0 directories, 8192 unused inodes
  Free blocks: 593425-593439, 593534-593535, 593591-593599, 593662-593663, 593917-593919, 598072-598083, 598615-598655, 598726-598739, 599550-599551, 600053-600063, 606023-606047, 606509-610303, 616448-616895, 616914-616948, 618787-618815, 618880-618943, 618964-619519, 619856-620191, 620215-620223, 620281-620543
  Free inodes: 147457-155648
Group 19: (Blocks 622592-655359) [INODE_UNINIT, ITABLE_ZEROED]
  Checksum 0xe2bd, unused inodes 8192
  Block bitmap at 524291 (bg #16 + 3), Inode bitmap at 524307 (bg #16 + 19)
  Inode table at 525856-526367 (bg #16 + 1568)
  5635 free blocks, 8192 free inodes, 0 directories, 8192 unused inodes
  Free blocks: 622835-622847, 622972-622975, 623013, 623478-623487, 623513-623525, 623794-623807, 623827-623839, 623860, 624037, 624124-624127, 624309-624355, 624375-624382, 624628-626006, 628732-628735, 629754-629759, 630168-630181, 630392-630399, 630454-630463, 630497-630505, 630531-630535, 632830-632831, 633210-633215, 633248-633253, 635583, 637048-637055, 639094-640781, 643059-643455, 643488-643493, 643583-644005, 645634-647167
  Free inodes: 155649-163840
Group 20: (Blocks 655360-688127) [INODE_UNINIT, ITABLE_ZEROED]
  Checksum 0x3c98, unused inodes 8192
  Block bitmap at 524292 (bg #16 + 4), Inode bitmap at 524308 (bg #16 + 20)
  Inode table at 526368-526879 (bg #16 + 2080)
  1848 free blocks, 8192 free inodes, 0 directories, 8192 unused inodes
  Free blocks: 669048-669055, 669692-670079, 670137-670143, 670554-670591, 670629-670630, 671361-671427, 671483-671487, 671654, 671738-671743, 679956-680086, 681214-681215, 682839-684031
  Free inodes: 163841-172032
Group 21: (Blocks 688128-720895) [INODE_UNINIT, ITABLE_ZEROED]
  Checksum 0x41c2, unused inodes 8192
  Block bitmap at 524293 (bg #16 + 5), Inode bitmap at 524309 (bg #16 + 21)
  Inode table at 526880-527391 (bg #16 + 2592)
  13023 free blocks, 8192 free inodes, 0 directories, 8192 unused inodes
  Free blocks: 689047-689215, 689239-689241, 690233-692223, 692712-692877, 692896-692920, 692977-692981, 693245-693247, 693433-693439, 693629-693631, 693669-693670, 694000-694015, 695295-695679, 695707-695735, 695921-695935, 696020-696031, 696050-696058, 696739-696742, 700378-700383, 702531-704511, 712704-720895
  Free inodes: 172033-180224
Group 22: (Blocks 720896-753663) [INODE_UNINIT, ITABLE_ZEROED]
  Checksum 0xe777, unused inodes 8192
  Block bitmap at 524294 (bg #16 + 6), Inode bitmap at 524310 (bg #16 + 22)
  Inode table at 527392-527903 (bg #16 + 3104)
  10275 free blocks, 8192 free inodes, 0 directories, 8192 unused inodes
  Free blocks: 736015-736126, 736348-736671, 737176-737215, 737264-745471, 750688-750707, 750768-750867, 751103-751526, 752412-752415, 752472-752479, 752567-752575, 752638-753663
  Free inodes: 180225-188416
Group 23: (Blocks 753664-786431) [INODE_UNINIT, ITABLE_ZEROED]
  Checksum 0xa8d5, unused inodes 8192
  Block bitmap at 524295 (bg #16 + 7), Inode bitmap at 524311 (bg #16 + 23)
  Inode table at 527904-528415 (bg #16 + 3616)
  17260 free blocks, 8192 free inodes, 0 directories, 8192 unused inodes
  Free blocks: 758818-758833, 759167, 760004-770047, 771920-772095, 773533-774055, 775990-782335, 786278-786431
  Free inodes: 188417-196608
Group 24: (Blocks 786432-819199) [INODE_UNINIT, ITABLE_ZEROED]
  Checksum 0x0b46, unused inodes 8192
  Block bitmap at 524296 (bg #16 + 8), Inode bitmap at 524312 (bg #16 + 24)
  Inode table at 528416-528927 (bg #16 + 4128)
  20901 free blocks, 8192 free inodes, 0 directories, 8192 unused inodes
  Free blocks: 786432-796671, 796801-796863, 796919-797055, 797150-797151, 797171-797205, 797225-797226, 797684-798335, 798426-798463, 798555-798654, 798672-798719, 808450-808959, 809472-809727, 809887-810233, 810354-810431, 810671-810751, 810888-819199
  Free inodes: 196609-204800
Group 25: (Blocks 819200-851967) [INODE_UNINIT, ITABLE_ZEROED]
  Checksum 0x91e1, unused inodes 8192
  Backup superblock at 819200, Group descriptors at 819201-819206
  Reserved GDT blocks at 819207-820224
  Block bitmap at 524297 (bg #16 + 9), Inode bitmap at 524313 (bg #16 + 25)
  Inode table at 528928-529439 (bg #16 + 4640)
  19995 free blocks, 8192 free inodes, 0 directories, 8192 unused inodes
  Free blocks: 827250-827327, 827357-830207, 830339-830367, 830387-831487, 833536-835583, 836033-846584, 848632-851967
  Free inodes: 204801-212992
Group 26: (Blocks 851968-884735) [INODE_UNINIT, ITABLE_ZEROED]
  Checksum 0x8770, unused inodes 8192
  Block bitmap at 524298 (bg #16 + 10), Inode bitmap at 524314 (bg #16 + 26)
  Inode table at 529440-529951 (bg #16 + 5152)
  19669 free blocks, 8192 free inodes, 0 directories, 8192 unused inodes
  Free blocks: 851968-862431, 862464-866819, 868028-868031, 868204-868221, 868338-870399, 877555-877992, 879070-879071, 879486-879487, 880049-880063, 880244-880255, 880392-880639, 882688-884735
  Free inodes: 212993-221184
Group 27: (Blocks 884736-917503) [INODE_UNINIT, ITABLE_ZEROED]
  Checksum 0x110a, unused inodes 8192
  Backup superblock at 884736, Group descriptors at 884737-884742
  Reserved GDT blocks at 884743-885760
  Block bitmap at 524299 (bg #16 + 11), Inode bitmap at 524315 (bg #16 + 27)
  Inode table at 529952-530463 (bg #16 + 5664)
  710 free blocks, 8192 free inodes, 0 directories, 8192 unused inodes
  Free blocks: 916794-917503
  Free inodes: 221185-229376
Group 28: (Blocks 917504-950271) [INODE_UNINIT, ITABLE_ZEROED]
  Checksum 0x84a4, unused inodes 8192
  Block bitmap at 524300 (bg #16 + 12), Inode bitmap at 524316 (bg #16 + 28)
  Inode table at 530464-530975 (bg #16 + 6176)
  2132 free blocks, 8192 free inodes, 0 directories, 8192 unused inodes
  Free blocks: 932352-932776, 932860-932863, 932946-932959, 932977-932991, 933819-933823, 937907-937919, 938429-938431, 938578-938591, 938863-938879, 939126-939135, 940490-942079, 944767, 944858-944863, 950257-950271
  Free inodes: 229377-237568
Group 29: (Blocks 950272-983039) [INODE_UNINIT, ITABLE_ZEROED]
  Checksum 0x8fec, unused inodes 8192
  Block bitmap at 524301 (bg #16 + 13), Inode bitmap at 524317 (bg #16 + 29)
  Inode table at 530976-531487 (bg #16 + 6688)
  2574 free blocks, 8192 free inodes, 0 directories, 8192 unused inodes
  Free blocks: 953146-953151, 953531-953535, 953744-953759, 954174-954175, 954426-954431, 955163-955167, 957431-957439, 957682-957695, 966642-966655, 968701-968703, 978498-978943, 980992-983039
  Free inodes: 237569-245760
Group 30: (Blocks 983040-1015807) [INODE_UNINIT, ITABLE_ZEROED]
  Checksum 0x938a, unused inodes 8192
  Block bitmap at 524302 (bg #16 + 14), Inode bitmap at 524318 (bg #16 + 30)
  Inode table at 531488-531999 (bg #16 + 7200)
  4100 free blocks, 8192 free inodes, 0 directories, 8192 unused inodes
  Free blocks: 991127-991135, 991703-993279, 995328-997375, 1003706-1003711, 1004223, 1005112-1005119, 1005214-1005215, 1006650-1006655, 1006673-1006687, 1006877-1006879, 1014232-1014239, 1015359, 1015392-1015807
  Free inodes: 245761-253952
Group 31: (Blocks 1015808-1048575) [INODE_UNINIT, ITABLE_ZEROED]
  Checksum 0x7224, unused inodes 8192
  Block bitmap at 524303 (bg #16 + 15), Inode bitmap at 524319 (bg #16 + 31)
  Inode table at 532000-532511 (bg #16 + 7712)
  889 free blocks, 8192 free inodes, 0 directories, 8192 unused inodes
  Free blocks: 1018743-1018751, 1020792-1020799, 1020947-1020959, 1021084-1021087, 1025814-1025823, 1026334-1026335, 1027327, 1032151-1032159, 1034713-1034719, 1036377-1036383, 1038870-1038879, 1041119, 1043420-1043423, 1044876-1044991, 1045081-1045152, 1045499-1045503, 1047965-1048575
  Free inodes: 253953-262144
Group 32: (Blocks 1048576-1081343) [ITABLE_ZEROED]
  Checksum 0xa85c, unused inodes 7885
  Block bitmap at 1048576 (+0), Inode bitmap at 1048592 (+16)
  Inode table at 1048608-1049119 (+32)
  4434 free blocks, 7886 free inodes, 5 directories, 7885 unused inodes
  Free blocks: 1068733-1073151, 1081329-1081343
  Free inodes: 262147, 262452-270336
Group 33: (Blocks 1081344-1114111) [INODE_UNINIT, ITABLE_ZEROED]
  Checksum 0xb4a2, unused inodes 8192
  Block bitmap at 1048577 (bg #32 + 1), Inode bitmap at 1048593 (bg #32 + 17)
  Inode table at 1049120-1049631 (bg #32 + 544)
  17310 free blocks, 8192 free inodes, 0 directories, 8192 unused inodes
  Free blocks: 1081344-1082711, 1082849, 1082852-1083391, 1083416-1083436, 1083631-1083647, 1083890-1083903, 1084892-1084927, 1085121-1085168, 1085427-1085594, 1089740-1089962, 1091502-1091551, 1091581-1091935, 1092239-1092543, 1092574-1092607, 1093086-1093119, 1094656-1095679, 1095754-1096191, 1096778-1098706, 1098708-1098751, 1099355-1101823, 1103872-1107967, 1110016-1114111
  Free inodes: 270337-278528
Group 34: (Blocks 1114112-1146879) [INODE_UNINIT, ITABLE_ZEROED]
  Checksum 0xae7f, unused inodes 8192
  Block bitmap at 1048578 (bg #32 + 2), Inode bitmap at 1048594 (bg #32 + 18)
  Inode table at 1049632-1050143 (bg #32 + 1056)
  2264 free blocks, 8192 free inodes, 0 directories, 8192 unused inodes
  Free blocks: 1118202-1118207, 1120245-1120255, 1128690-1128703, 1130741-1130751, 1131038-1131039, 1132031, 1136472-1138687, 1140733-1140735
  Free inodes: 278529-286720
Group 35: (Blocks 1146880-1179647) [INODE_UNINIT, ITABLE_ZEROED]
  Checksum 0x6b80, unused inodes 8192
  Block bitmap at 1048579 (bg #32 + 3), Inode bitmap at 1048595 (bg #32 + 19)
  Inode table at 1050144-1050655 (bg #32 + 1568)
  6566 free blocks, 8192 free inodes, 0 directories, 8192 unused inodes
  Free blocks: 1150863-1150911, 1150975, 1160627-1160703, 1165049-1171455, 1179616-1179647
  Free inodes: 286721-294912
Group 36: (Blocks 1179648-1212415) [INODE_UNINIT, ITABLE_ZEROED]
  Checksum 0xc295, unused inodes 8192
  Block bitmap at 1048580 (bg #32 + 4), Inode bitmap at 1048596 (bg #32 + 20)
  Inode table at 1050656-1051167 (bg #32 + 2080)
  3946 free blocks, 8192 free inodes, 0 directories, 8192 unused inodes
  Free blocks: 1185750-1187839, 1188443-1189887, 1190879-1190911, 1191025-1191039, 1191086-1191098, 1191900-1191935, 1195718-1196031
  Free inodes: 294913-303104
Group 37: (Blocks 1212416-1245183) [INODE_UNINIT, ITABLE_ZEROED]
  Checksum 0x6a35, unused inodes 8192
  Block bitmap at 1048581 (bg #32 + 5), Inode bitmap at 1048597 (bg #32 + 21)
  Inode table at 1051168-1051679 (bg #32 + 2592)
  9429 free blocks, 8192 free inodes, 0 directories, 8192 unused inodes
  Free blocks: 1214462-1214463, 1222642-1222655, 1226738-1226751, 1235785-1245183
  Free inodes: 303105-311296
Group 38: (Blocks 1245184-1277951) [INODE_UNINIT, ITABLE_ZEROED]
  Checksum 0x1521, unused inodes 8192
  Block bitmap at 1048582 (bg #32 + 6), Inode bitmap at 1048598 (bg #32 + 22)
  Inode table at 1051680-1052191 (bg #32 + 3104)
  13412 free blocks, 8192 free inodes, 0 directories, 8192 unused inodes
  Free blocks: 1253261-1257195, 1257216-1265663, 1268731-1269759
  Free inodes: 311297-319488
Group 39: (Blocks 1277952-1310719) [INODE_UNINIT, ITABLE_ZEROED]
  Checksum 0x2e07, unused inodes 8192
  Block bitmap at 1048583 (bg #32 + 7), Inode bitmap at 1048599 (bg #32 + 23)
  Inode table at 1052192-1052703 (bg #32 + 3616)
  13051 free blocks, 8192 free inodes, 0 directories, 8192 unused inodes
  Free blocks: 1286097-1286111, 1286140-1286143, 1295547-1295615, 1295709-1296383, 1298432-1310719
  Free inodes: 319489-327680
Group 40: (Blocks 1310720-1343487) [INODE_UNINIT, ITABLE_ZEROED]
  Checksum 0xe7c2, unused inodes 8192
  Block bitmap at 1048584 (bg #32 + 8), Inode bitmap at 1048600 (bg #32 + 24)
  Inode table at 1052704-1053215 (bg #32 + 4128)
  15094 free blocks, 8192 free inodes, 0 directories, 8192 unused inodes
  Free blocks: 1318764-1319167, 1319270-1327103, 1334584-1341439
  Free inodes: 327681-335872
Group 41: (Blocks 1343488-1376255) [INODE_UNINIT, ITABLE_ZEROED]
  Checksum 0x95ee, unused inodes 8192
  Block bitmap at 1048585 (bg #32 + 9), Inode bitmap at 1048601 (bg #32 + 25)
  Inode table at 1053216-1053727 (bg #32 + 4640)
  8240 free blocks, 8192 free inodes, 0 directories, 8192 unused inodes
  Free blocks: 1343984-1343999, 1344020-1344034, 1345523-1345535, 1359358-1359871, 1368574-1376255
  Free inodes: 335873-344064
Group 42: (Blocks 1376256-1409023) [INODE_UNINIT, ITABLE_ZEROED]
  Checksum 0x0e97, unused inodes 8192
  Block bitmap at 1048586 (bg #32 + 10), Inode bitmap at 1048602 (bg #32 + 26)
  Inode table at 1053728-1054239 (bg #32 + 5152)
  12479 free blocks, 8192 free inodes, 0 directories, 8192 unused inodes
  Free blocks: 1376256-1379327, 1380352-1380590, 1381365-1381375, 1383337-1383423, 1386184-1386495, 1391435-1391615, 1393553-1393663, 1394688-1394930, 1395709-1395711, 1396210-1396735, 1400832-1405951, 1406450-1409023
  Free inodes: 344065-352256
Group 43: (Blocks 1409024-1441791) [INODE_UNINIT, ITABLE_ZEROED]
  Checksum 0xe0a3, unused inodes 8192
  Block bitmap at 1048587 (bg #32 + 11), Inode bitmap at 1048603 (bg #32 + 27)
  Inode table at 1054240-1054751 (bg #32 + 5664)
  8012 free blocks, 8192 free inodes, 0 directories, 8192 unused inodes
  Free blocks: 1431665-1431679, 1431982-1431999, 1433709-1433727, 1433782-1433791, 1433842-1441791
  Free inodes: 352257-360448
Group 44: (Blocks 1441792-1474559) [INODE_UNINIT, ITABLE_ZEROED]
  Checksum 0xa78a, unused inodes 8192
  Block bitmap at 1048588 (bg #32 + 12), Inode bitmap at 1048604 (bg #32 + 28)
  Inode table at 1054752-1055263 (bg #32 + 6176)
  12313 free blocks, 8192 free inodes, 0 directories, 8192 unused inodes
  Free blocks: 1447934-1447964, 1448162-1448772, 1448941-1449442, 1449470-1449983, 1457897-1466367, 1470328-1472511
  Free inodes: 360449-368640
Group 45: (Blocks 1474560-1507327) [INODE_UNINIT, ITABLE_ZEROED]
  Checksum 0x269e, unused inodes 8192
  Block bitmap at 1048589 (bg #32 + 13), Inode bitmap at 1048605 (bg #32 + 29)
  Inode table at 1055264-1055775 (bg #32 + 6688)
  4436 free blocks, 8192 free inodes, 0 directories, 8192 unused inodes
  Free blocks: 1476020-1476023, 1476092-1476095, 1501184-1504255, 1505972-1507327
  Free inodes: 368641-376832
Group 46: (Blocks 1507328-1540095) [INODE_UNINIT, ITABLE_ZEROED]
  Checksum 0xff31, unused inodes 8192
  Block bitmap at 1048590 (bg #32 + 14), Inode bitmap at 1048606 (bg #32 + 30)
  Inode table at 1055776-1056287 (bg #32 + 7200)
  9500 free blocks, 8192 free inodes, 0 directories, 8192 unused inodes
  Free blocks: 1508347-1508351, 1523515-1523519, 1523704-1531903, 1536019-1536031, 1538506-1538509, 1538823-1540095
  Free inodes: 376833-385024
Group 47: (Blocks 1540096-1572863) [INODE_UNINIT, ITABLE_ZEROED]
  Checksum 0xf9cd, unused inodes 8192
  Block bitmap at 1048591 (bg #32 + 15), Inode bitmap at 1048607 (bg #32 + 31)
  Inode table at 1056288-1056799 (bg #32 + 7712)
  11595 free blocks, 8192 free inodes, 0 directories, 8192 unused inodes
  Free blocks: 1550677-1550687, 1561152-1561215, 1561344-1572863
  Free inodes: 385025-393216
Group 48: (Blocks 1572864-1605631) [INODE_UNINIT, ITABLE_ZEROED]
  Checksum 0x7b39, unused inodes 8192
  Block bitmap at 1572864 (+0), Inode bitmap at 1572880 (+16)
  Inode table at 1572896-1573407 (+32)
  20167 free blocks, 8192 free inodes, 0 directories, 8192 unused inodes
  Free blocks: 1585465-1605631
  Free inodes: 393217-401408
Group 49: (Blocks 1605632-1638399) [INODE_UNINIT, ITABLE_ZEROED]
  Checksum 0xb25c, unused inodes 8192
  Backup superblock at 1605632, Group descriptors at 1605633-1605638
  Reserved GDT blocks at 1605639-1606656
  Block bitmap at 1572865 (bg #48 + 1), Inode bitmap at 1572881 (bg #48 + 17)
  Inode table at 1573408-1573919 (bg #48 + 544)
  2131 free blocks, 8192 free inodes, 0 directories, 8192 unused inodes
  Free blocks: 1606675-1606687, 1606877-1606879, 1618430-1618431, 1622001-1622015, 1622428-1622431, 1625303-1625311, 1629052-1629055, 1629245-1629247, 1629328-1629343, 1630742-1630751, 1633404-1633407, 1634070-1634079, 1634590-1634591, 1635583, 1636365-1638399
  Free inodes: 401409-409600
Group 50: (Blocks 1638400-1671167) [INODE_UNINIT, ITABLE_ZEROED]
  Checksum 0xa4b9, unused inodes 8192
  Block bitmap at 1572866 (bg #48 + 2), Inode bitmap at 1572882 (bg #48 + 18)
  Inode table at 1573920-1574431 (bg #48 + 1056)
  4359 free blocks, 8192 free inodes, 0 directories, 8192 unused inodes
  Free blocks: 1640370-1640383, 1642454-1642463, 1643224-1643231, 1645532-1645535, 1646586-1646591, 1655800-1655807, 1657023, 1658361-1658367, 1658877-1658879, 1660610-1660671, 1661437-1661439, 1661770-1661791, 1661823-1661887, 1662439-1662975, 1667559-1671167
  Free inodes: 409601-417792
Group 51: (Blocks 1671168-1703935) [INODE_UNINIT, ITABLE_ZEROED]
  Checksum 0x3664, unused inodes 8192
  Block bitmap at 1572867 (bg #48 + 3), Inode bitmap at 1572883 (bg #48 + 19)
  Inode table at 1574432-1574943 (bg #48 + 1568)
  31776 free blocks, 8192 free inodes, 0 directories, 8192 unused inodes
  Free blocks: 1672160-1703935
  Free inodes: 417793-425984
Group 52: (Blocks 1703936-1736703) [INODE_UNINIT, BLOCK_UNINIT, ITABLE_ZEROED]
  Checksum 0xa913, unused inodes 8192
  Block bitmap at 1572868 (bg #48 + 4), Inode bitmap at 1572884 (bg #48 + 20)
  Inode table at 1574944-1575455 (bg #48 + 2080)
  32768 free blocks, 8192 free inodes, 0 directories, 8192 unused inodes
  Free blocks: 1703936-1736703
  Free inodes: 425985-434176
Group 53: (Blocks 1736704-1769471) [INODE_UNINIT, BLOCK_UNINIT, ITABLE_ZEROED]
  Checksum 0x09c8, unused inodes 8192
  Block bitmap at 1572869 (bg #48 + 5), Inode bitmap at 1572885 (bg #48 + 21)
  Inode table at 1575456-1575967 (bg #48 + 2592)
  32768 free blocks, 8192 free inodes, 0 directories, 8192 unused inodes
  Free blocks: 1736704-1769471
  Free inodes: 434177-442368
Group 54: (Blocks 1769472-1802239) [INODE_UNINIT, BLOCK_UNINIT, ITABLE_ZEROED]
  Checksum 0xa8a6, unused inodes 8192
  Block bitmap at 1572870 (bg #48 + 6), Inode bitmap at 1572886 (bg #48 + 22)
  Inode table at 1575968-1576479 (bg #48 + 3104)
  32768 free blocks, 8192 free inodes, 0 directories, 8192 unused inodes
  Free blocks: 1769472-1802239
  Free inodes: 442369-450560
Group 55: (Blocks 1802240-1835007) [INODE_UNINIT, BLOCK_UNINIT, ITABLE_ZEROED]
  Checksum 0x087d, unused inodes 8192
  Block bitmap at 1572871 (bg #48 + 7), Inode bitmap at 1572887 (bg #48 + 23)
  Inode table at 1576480-1576991 (bg #48 + 3616)
  32768 free blocks, 8192 free inodes, 0 directories, 8192 unused inodes
  Free blocks: 1802240-1835007
  Free inodes: 450561-458752
Group 56: (Blocks 1835008-1867775) [INODE_UNINIT, BLOCK_UNINIT, ITABLE_ZEROED]
  Checksum 0xacad, unused inodes 8192
  Block bitmap at 1572872 (bg #48 + 8), Inode bitmap at 1572888 (bg #48 + 24)
  Inode table at 1576992-1577503 (bg #48 + 4128)
  32768 free blocks, 8192 free inodes, 0 directories, 8192 unused inodes
  Free blocks: 1835008-1867775
  Free inodes: 458753-466944
Group 57: (Blocks 1867776-1900543) [INODE_UNINIT, BLOCK_UNINIT, ITABLE_ZEROED]
  Checksum 0x0c76, unused inodes 8192
  Block bitmap at 1572873 (bg #48 + 9), Inode bitmap at 1572889 (bg #48 + 25)
  Inode table at 1577504-1578015 (bg #48 + 4640)
  32768 free blocks, 8192 free inodes, 0 directories, 8192 unused inodes
  Free blocks: 1867776-1900543
  Free inodes: 466945-475136
Group 58: (Blocks 1900544-1933311) [INODE_UNINIT, BLOCK_UNINIT, ITABLE_ZEROED]
  Checksum 0xad18, unused inodes 8192
  Block bitmap at 1572874 (bg #48 + 10), Inode bitmap at 1572890 (bg #48 + 26)
  Inode table at 1578016-1578527 (bg #48 + 5152)
  32768 free blocks, 8192 free inodes, 0 directories, 8192 unused inodes
  Free blocks: 1900544-1933311
  Free inodes: 475137-483328
Group 59: (Blocks 1933312-1966079) [INODE_UNINIT, BLOCK_UNINIT, ITABLE_ZEROED]
  Checksum 0x0dc3, unused inodes 8192
  Block bitmap at 1572875 (bg #48 + 11), Inode bitmap at 1572891 (bg #48 + 27)
  Inode table at 1578528-1579039 (bg #48 + 5664)
  32768 free blocks, 8192 free inodes, 0 directories, 8192 unused inodes
  Free blocks: 1933312-1966079
  Free inodes: 483329-491520
Group 60: (Blocks 1966080-1998847) [INODE_UNINIT, BLOCK_UNINIT, ITABLE_ZEROED]
  Checksum 0xafc7, unused inodes 8192
  Block bitmap at 1572876 (bg #48 + 12), Inode bitmap at 1572892 (bg #48 + 28)
  Inode table at 1579040-1579551 (bg #48 + 6176)
  32768 free blocks, 8192 free inodes, 0 directories, 8192 unused inodes
  Free blocks: 1966080-1998847
  Free inodes: 491521-499712
Group 61: (Blocks 1998848-2031615) [INODE_UNINIT, BLOCK_UNINIT, ITABLE_ZEROED]
  Checksum 0x0f1c, unused inodes 8192
  Block bitmap at 1572877 (bg #48 + 13), Inode bitmap at 1572893 (bg #48 + 29)
  Inode table at 1579552-1580063 (bg #48 + 6688)
  32768 free blocks, 8192 free inodes, 0 directories, 8192 unused inodes
  Free blocks: 1998848-2031615
  Free inodes: 499713-507904
Group 62: (Blocks 2031616-2064383) [INODE_UNINIT, BLOCK_UNINIT, ITABLE_ZEROED]
  Checksum 0xae72, unused inodes 8192
  Block bitmap at 1572878 (bg #48 + 14), Inode bitmap at 1572894 (bg #48 + 30)
  Inode table at 1580064-1580575 (bg #48 + 7200)
  32768 free blocks, 8192 free inodes, 0 directories, 8192 unused inodes
  Free blocks: 2031616-2064383
  Free inodes: 507905-516096
Group 63: (Blocks 2064384-2097151) [INODE_UNINIT, BLOCK_UNINIT, ITABLE_ZEROED]
  Checksum 0x0ea9, unused inodes 8192
  Block bitmap at 1572879 (bg #48 + 15), Inode bitmap at 1572895 (bg #48 + 31)
  Inode table at 1580576-1581087 (bg #48 + 7712)
  32768 free blocks, 8192 free inodes, 0 directories, 8192 unused inodes
  Free blocks: 2064384-2097151
  Free inodes: 516097-524288
Group 64: (Blocks 2097152-2129919) [ITABLE_ZEROED]
  Checksum 0xca47, unused inodes 0
  Block bitmap at 2097152 (+0), Inode bitmap at 2097168 (+16)
  Inode table at 2097184-2097695 (+32)
  22816 free blocks, 566 free inodes, 745 directories
  Free blocks: 2107104-2129919
  Free inodes: 527056, 531106-531107, 531110-531124, 531127, 531129-531131, 531136-531170, 531172-531298, 531301-531302, 531307-531317, 531319-531354, 531359-531405, 531407-531423, 531427-531466, 531471-531521, 531523-531552, 531557-531561, 531563-531573, 531576-531582, 531584, 531590-531693, 531696-531698, 531704-531706, 531708-531710, 531712-531713, 531715, 531719, 531721-531724, 531726-531728
Group 65: (Blocks 2129920-2162687) [ITABLE_ZEROED]
  Checksum 0x0c8a, unused inodes 0
  Block bitmap at 2097153 (bg #64 + 1), Inode bitmap at 2097169 (bg #64 + 17)
  Inode table at 2097696-2098207 (bg #64 + 544)
  5783 free blocks, 771 free inodes, 382 directories
  Free blocks: 2130136-2130139, 2130355-2130359, 2131125, 2131620-2131647, 2132569, 2132598, 2132629, 2132657-2132658, 2132666, 2132903, 2132973, 2133025, 2133028, 2133068, 2133261, 2133274, 2133431-2133435, 2133452-2133455, 2133472-2133679, 2133688-2133691, 2133696-2133700, 2133761, 2133764-2133767, 2133776-2133984, 2133992-2134015, 2134045, 2134048-2134271, 2135976-2135984, 2136164-2136167, 2136445, 2136447, 2136916-2137080, 2137233, 2137236-2137971, 2137993, 2138095, 2138104-2138108, 2138368-2138371, 2138376-2138383, 2138459, 2138725, 2138733, 2138761, 2138764-2138775, 2138780-2138784, 2138812-2138820, 2138841, 2138844-2138863, 2141924-2141939, 2141942, 2142120-2142123, 2142137, 2142152-2142159, 2142375, 2142389, 2142392-2142399, 2142548-2142555, 2142916-2142919, 2142932-2142947, 2142989, 2144456-2144463, 2144466, 2144477, 2144539-2144543, 2145472-2145496, 2145568-2146088, 2146096-2146299, 2147345, 2147349, 2147351, 2147355, 2147362, 2147367, 2147374, 2147388-2147392, 2147399, 2147407, 2147409, 2147418, 2147469-2147470, 2147472, 2147482, 2147559, 2147588-2147592, 2147595-2147596, 2147598, 2147603, 2147616, 2147621, 2147628, 2147657, 2147659, 2147666, 2147668-2147671, 2147777, 2147779-2147780, 2147782, 2147792, 2147802, 2147807, 2147812-2147815, 2147826, 2147840-2148052, 2148116-2148119, 2148125, 2148128-2148164, 2148248-2148271, 2148413, 2148416-2148532, 2148848-2148863, 2148943, 2148984-2148987, 2149240-2149243, 2149632-2149650, 2149864-2149899, 2149962-2149971, 2149981, 2150010-2150015, 2150019-2150021, 2150053, 2150064-2150137, 2150217-2150226, 2150234-2150235, 2150240-2150246, 2150259-2150274, 2150278, 2150280-2150473, 2150480-2150500, 2150541-2150559, 2150776-2150782, 2150859-2151026, 2151072-2151115, 2151375-2151381, 2151768-2151987, 2152220-2152248, 2152488-2152494, 2152524-2152527, 2152620-2152756, 2152768-2152794, 2152830-2152848, 2152863, 2152872-2152913, 2152916-2152919, 2153044-2153047, 2153053-2153054, 2153056-2153081, 2153084-2153147, 2153151-2153471, 2153984-2154139, 2154186-2154192, 2154249-2154251, 2154299-2154312, 2154326-2154331, 2154344-2154351, 2154367, 2154459, 2154480-2154488, 2154491-2154587, 2154662, 2154664-2154671, 2154764-2154770, 2154799, 2154808-2154881, 2154896-2154899, 2154904-2154930, 2154973-2154975, 2155476-2155485, 2155488-2155489, 2155593-2155595, 2155599, 2155666-2155694, 2155757-2155773, 2155776-2155805, 2155817-2155819, 2155836-2155839, 2155848-2155850, 2156136-2156143, 2156150-2156171, 2156510-2156626, 2156639-2156644, 2156693-2156706, 2159060-2159083, 2159088-2159129, 2159135-2159139, 2159334-2159335, 2160171-2160182, 2160270-2160272, 2160863-2161151, 2161266-2161268, 2161270-2161272, 2161285, 2161287-2161295, 2161298, 2161302-2161305, 2161329, 2161331-2161340, 2161342, 2161345-2161348, 2161602, 2161605-2161614, 2161616, 2161621-2161624, 2162425, 2162429-2162431, 2162433-2162435, 2162442, 2162457, 2162459-2162460, 2162462, 2162468-2162496, 2162575, 2162577-2162579, 2162584-2162588, 2162604, 2162606-2162607, 2162609, 2162613-2162618, 2162629, 2162632-2162634, 2162639-2162642, 2162686
  Free inodes: 534111, 534134, 536006-536774
Group 66: (Blocks 2162688-2195455) [ITABLE_ZEROED]
  Checksum 0x29a9, unused inodes 2750
  Block bitmap at 2097154 (bg #64 + 2), Inode bitmap at 2097170 (bg #64 + 18)
  Inode table at 2098208-2098719 (bg #64 + 1056)
  13175 free blocks, 2755 free inodes, 358 directories, 2750 unused inodes
  Free blocks: 2162932-2163199, 2163275-2163276, 2163279-2163293, 2163305, 2163309-2163318, 2163330-2163332, 2163334, 2163444-2163446, 2163448, 2163463-2163464, 2163506-2163508, 2163510, 2163546-2163548, 2163550, 2163572, 2163575-2163576, 2163578-2163590, 2163636-2163638, 2163641-2163654, 2163665-2163681, 2163684-2163697, 2164419-2164426, 2164493-2164511, 2164654-2164655, 2164658-2164662, 2164721-2164722, 2164806-2164813, 2165060-2165083, 2165204-2165208, 2165216-2165249, 2165286, 2165826-2165832, 2165836-2165965, 2165968-2165981, 2165984-2165987, 2166472-2166473, 2166983, 2167001-2167015, 2167056-2167060, 2167121-2167305, 2168927, 2168935-2168945, 2168978-2169026, 2169130-2169131, 2169144-2169280, 2169295-2169311, 2169323-2169361, 2169392-2169428, 2169432-2169445, 2170863, 2170879, 2172650, 2172705-2172706, 2172708, 2172711-2172712, 2172720-2172721, 2172723, 2172728, 2172748-2172790, 2172792, 2172803-2172805, 2172807, 2172834, 2172842-2172843, 2172845, 2172847, 2172849-2172850, 2172853, 2172858-2172859, 2172866-2172867, 2172869, 2172872, 2172892-2172894, 2172898, 2172930-2172933, 2172935-2172938, 2172940-2172943, 2172945-2173439, 2173607-2173609, 2173619, 2173753, 2173952-2174725, 2174764-2174787, 2174911, 2174949, 2174975-2175003, 2175008-2175033, 2176065-2176224, 2176232-2177048, 2177050-2177070, 2177072-2177159, 2177168-2177199, 2177373-2177375, 2177467-2177471, 2177682-2177755, 2177862, 2178233, 2178245, 2178251, 2178286-2178287, 2178299-2178559, 2181455, 2181607, 2181612-2181621, 2181796-2182265, 2182270-2182717, 2182719-2182721, 2182739, 2182741-2182743, 2182747-2182749, 2182757-2182759, 2182761-2182763, 2182773-2182775, 2183294-2183295, 2183297, 2183301, 2183306-2183308, 2183310, 2183316-2183318, 2183320, 2183343-2183345, 2183347, 2183415-2183417, 2183419, 2183438-2183440, 2183442, 2183460-2183462, 2183464, 2183509-2183511, 2183513, 2183610-2183612, 2183614, 2184081, 2184083, 2184087, 2184091-2184093, 2184096, 2184191-2184341, 2184343, 2184390-2184392, 2184395, 2184606-2184608, 2184610, 2184665-2184667, 2184669, 2184682-2184684, 2184686, 2184700-2184702, 2185727-2185858, 2185860-2186079, 2186116-2186239, 2186325-2186334, 2186379, 2186383-2186400, 2186402-2186411, 2186413-2186415, 2186432, 2186489, 2186491-2186497, 2186499, 2186504-2186507, 2186529-2186531, 2186534, 2186536-2186538, 2186540-2186542, 2186544, 2186546-2186547, 2186549, 2186558-2186560, 2186627, 2186629, 2186631-2186632, 2186634, 2186639-2186642, 2186654, 2186656-2186671, 2186674, 2186682-2186685, 2186691, 2186693-2186702, 2186704, 2186710-2186713, 2186719, 2186721-2186730, 2186732, 2186738-2186741, 2186747, 2186749-2186751, 2188032, 2188040-2188042, 2188044-2188046, 2188051, 2188053-2188055, 2188060-2188062, 2188116, 2188121-2188132, 2188134, 2188136-2188138, 2188140-2188142, 2188155, 2188157-2188171, 2188177-2188178, 2188180-2195455
  Free inodes: 546106, 546108, 546110, 546112, 546114-548864
Group 67: (Blocks 2195456-2228223) [INODE_UNINIT, ITABLE_ZEROED]
  Checksum 0x584c, unused inodes 8192
  Block bitmap at 2097155 (bg #64 + 3), Inode bitmap at 2097171 (bg #64 + 19)
  Inode table at 2098720-2099231 (bg #64 + 1568)
  21702 free blocks, 8192 free inodes, 0 directories, 8192 unused inodes
  Free blocks: 2195456-2202111, 2202133, 2202135-2202136, 2202138, 2202143-2202145, 2202161, 2202163-2202164, 2202166, 2202171-2202173, 2202187, 2202189-2202190, 2202192, 2202195-2202197, 2202242, 2202244-2202245, 2202247, 2202252-2202254, 2202256, 2202258-2202259, 2202261, 2202266-2202268, 2202270, 2202272-2202273, 2202275, 2202281-2202283, 2202624-2209741, 2210488-2210492, 2210685-2210693, 2210699, 2210708-2210715, 2211811-2211820, 2211822-2211832, 2213376-2220031, 2220116-2220287, 2220388, 2220543-2220544, 2220548, 2220556-2220562, 2220638, 2220671-2220678, 2222109, 2222137-2222139, 2222144-2222591, 2224380, 2224397, 2224468-2224472, 2224475-2224639, 2225013, 2225042-2225043, 2225045, 2225050-2225051, 2225053, 2225058-2225060, 2225097, 2225099-2225100, 2225102, 2225107-2225110, 2225147, 2225149-2225236, 2225482-2225663, 2225691-2225692, 2225694-2225696, 2225708-2225710, 2226688-2226704, 2226707, 2226709-2226712, 2226715, 2226717-2226733, 2227433, 2227438-2227457, 2227598-2227609
  Free inodes: 548865-557056
Group 68: (Blocks 2228224-2260991) [INODE_UNINIT, ITABLE_ZEROED]
  Checksum 0x2458, unused inodes 8192
  Block bitmap at 2097156 (bg #64 + 4), Inode bitmap at 2097172 (bg #64 + 20)
  Inode table at 2099232-2099743 (bg #64 + 2080)
  4704 free blocks, 8192 free inodes, 0 directories, 8192 unused inodes
  Free blocks: 2229154-2229247, 2229760-2230209, 2236416-2236577, 2236603-2236851, 2237625-2237631, 2237704-2237772, 2237776-2237792, 2237886-2237937, 2240248-2240429, 2240468-2240964, 2241225-2241253, 2241758-2241759, 2243043-2243380, 2243465-2243555, 2243584-2243931, 2244573-2244603, 2251534-2251543, 2252238-2252287, 2252800-2253072, 2253086-2253109, 2253170-2253191, 2254673-2254736, 2254742-2254763, 2254917-2255913, 2256002-2256025, 2257126-2257408, 2257563-2257596, 2257739-2257750, 2258407-2258420, 2258430-2258431, 2258440-2258453, 2259393-2259443, 2259555-2259594, 2259804-2259807, 2259892-2259938, 2260411-2260444, 2260794-2260807, 2260825-2260827, 2260912-2260927, 2260960-2260991
  Free inodes: 557057-565248
Group 69: (Blocks 2260992-2293759) [INODE_UNINIT, ITABLE_ZEROED]
  Checksum 0xea7f, unused inodes 8192
  Block bitmap at 2097157 (bg #64 + 5), Inode bitmap at 2097173 (bg #64 + 21)
  Inode table at 2099744-2100255 (bg #64 + 2592)
  7963 free blocks, 8192 free inodes, 0 directories, 8192 unused inodes
  Free blocks: 2260992-2261630, 2263716-2264106, 2265135-2265217, 2268828-2268932, 2269068-2269167, 2272340-2273175, 2273216-2273313, 2273342-2273963, 2275215-2275977, 2277151-2277241, 2277372-2277374, 2280898-2281277, 2281471-2282543, 2283412-2283439, 2283541-2283618, 2283659-2283747, 2283835-2283940, 2284411-2284425, 2284513-2284591, 2284662-2284692, 2284761-2284826, 2285562-2285566, 2285906-2286380, 2286579-2287368, 2287417-2287526, 2288491-2288581, 2291627-2291689, 2291904-2292096, 2292112-2292304, 2292361-2292394, 2293096-2293410, 2293716-2293726, 2293734-2293736, 2293752-2293755
  Free inodes: 565249-573440
Group 70: (Blocks 2293760-2326527) [INODE_UNINIT, ITABLE_ZEROED]
  Checksum 0xa727, unused inodes 8192
  Block bitmap at 2097158 (bg #64 + 6), Inode bitmap at 2097174 (bg #64 + 22)
  Inode table at 2100256-2100767 (bg #64 + 3104)
  20545 free blocks, 8192 free inodes, 0 directories, 8192 unused inodes
  Free blocks: 2294202-2294386, 2294576-2294958, 2295391-2295773, 2297228-2297344, 2297362-2297383, 2297921-2298118, 2298175-2298241, 2298971-2298989, 2299071, 2299732-2299984, 2300659-2300675, 2300679-2300718, 2301936-2301948, 2301950-2301951, 2302245, 2302256-2302258, 2302262-2302264, 2302463-2310143, 2310652-2311483, 2311532-2311533, 2311654-2312095, 2312398-2312987, 2314096-2314104, 2314112-2314143, 2314215-2314251, 2314259-2314376, 2314408-2314498, 2314510-2314515, 2314535, 2314626-2315301, 2315358-2315364, 2315430-2315439, 2315456-2315462, 2315464-2315466, 2315489, 2315499-2315506, 2315696-2315702, 2315864-2315873, 2315880-2315882, 2316337-2316342, 2316462, 2316464, 2316470-2316472, 2316477, 2316479, 2316624-2316631, 2317158-2317160, 2317257, 2317264-2317311, 2318336-2326527
  Free inodes: 573441-581632
Group 71: (Blocks 2326528-2359295) [INODE_UNINIT, ITABLE_ZEROED]
  Checksum 0x1a23, unused inodes 8192
  Block bitmap at 2097159 (bg #64 + 7), Inode bitmap at 2097175 (bg #64 + 23)
  Inode table at 2100768-2101279 (bg #64 + 3616)
  30906 free blocks, 8192 free inodes, 0 directories, 8192 unused inodes
  Free blocks: 2328390-2359295
  Free inodes: 581633-589824
Group 72: (Blocks 2359296-2392063) [INODE_UNINIT, BLOCK_UNINIT, ITABLE_ZEROED]
  Checksum 0xb5cc, unused inodes 8192
  Block bitmap at 2097160 (bg #64 + 8), Inode bitmap at 2097176 (bg #64 + 24)
  Inode table at 2101280-2101791 (bg #64 + 4128)
  32768 free blocks, 8192 free inodes, 0 directories, 8192 unused inodes
  Free blocks: 2359296-2392063
  Free inodes: 589825-598016
Group 73: (Blocks 2392064-2424831) [INODE_UNINIT, BLOCK_UNINIT, ITABLE_ZEROED]
  Checksum 0x1517, unused inodes 8192
  Block bitmap at 2097161 (bg #64 + 9), Inode bitmap at 2097177 (bg #64 + 25)
  Inode table at 2101792-2102303 (bg #64 + 4640)
  32768 free blocks, 8192 free inodes, 0 directories, 8192 unused inodes
  Free blocks: 2392064-2424831
  Free inodes: 598017-606208
Group 74: (Blocks 2424832-2457599) [INODE_UNINIT, BLOCK_UNINIT, ITABLE_ZEROED]
  Checksum 0xb479, unused inodes 8192
  Block bitmap at 2097162 (bg #64 + 10), Inode bitmap at 2097178 (bg #64 + 26)
  Inode table at 2102304-2102815 (bg #64 + 5152)
  32768 free blocks, 8192 free inodes, 0 directories, 8192 unused inodes
  Free blocks: 2424832-2457599
  Free inodes: 606209-614400
Group 75: (Blocks 2457600-2490367) [INODE_UNINIT, BLOCK_UNINIT, ITABLE_ZEROED]
  Checksum 0x14a2, unused inodes 8192
  Block bitmap at 2097163 (bg #64 + 11), Inode bitmap at 2097179 (bg #64 + 27)
  Inode table at 2102816-2103327 (bg #64 + 5664)
  32768 free blocks, 8192 free inodes, 0 directories, 8192 unused inodes
  Free blocks: 2457600-2490367
  Free inodes: 614401-622592
Group 76: (Blocks 2490368-2523135) [INODE_UNINIT, BLOCK_UNINIT, ITABLE_ZEROED]
  Checksum 0xb6a6, unused inodes 8192
  Block bitmap at 2097164 (bg #64 + 12), Inode bitmap at 2097180 (bg #64 + 28)
  Inode table at 2103328-2103839 (bg #64 + 6176)
  32768 free blocks, 8192 free inodes, 0 directories, 8192 unused inodes
  Free blocks: 2490368-2523135
  Free inodes: 622593-630784
Group 77: (Blocks 2523136-2555903) [INODE_UNINIT, BLOCK_UNINIT, ITABLE_ZEROED]
  Checksum 0x167d, unused inodes 8192
  Block bitmap at 2097165 (bg #64 + 13), Inode bitmap at 2097181 (bg #64 + 29)
  Inode table at 2103840-2104351 (bg #64 + 6688)
  32768 free blocks, 8192 free inodes, 0 directories, 8192 unused inodes
  Free blocks: 2523136-2555903
  Free inodes: 630785-638976
Group 78: (Blocks 2555904-2588671) [INODE_UNINIT, BLOCK_UNINIT, ITABLE_ZEROED]
  Checksum 0xb713, unused inodes 8192
  Block bitmap at 2097166 (bg #64 + 14), Inode bitmap at 2097182 (bg #64 + 30)
  Inode table at 2104352-2104863 (bg #64 + 7200)
  32768 free blocks, 8192 free inodes, 0 directories, 8192 unused inodes
  Free blocks: 2555904-2588671
  Free inodes: 638977-647168
Group 79: (Blocks 2588672-2621439) [INODE_UNINIT, BLOCK_UNINIT, ITABLE_ZEROED]
  Checksum 0x17c8, unused inodes 8192
  Block bitmap at 2097167 (bg #64 + 15), Inode bitmap at 2097183 (bg #64 + 31)
  Inode table at 2104864-2105375 (bg #64 + 7712)
  32768 free blocks, 8192 free inodes, 0 directories, 8192 unused inodes
  Free blocks: 2588672-2621439
  Free inodes: 647169-655360
Group 80: (Blocks 2621440-2654207) [ITABLE_ZEROED]
  Checksum 0x1e6d, unused inodes 0
  Block bitmap at 2621440 (+0), Inode bitmap at 2621456 (+16)
  Inode table at 2621472-2621983 (+32)
  23015 free blocks, 919 free inodes, 1065 directories
  Free blocks: 2631193-2654207
  Free inodes: 656102-656829, 656831, 656843-656865, 656871-656955, 656959-656986, 657001-657003, 657011-657042, 657047-657062, 657091-657092, 657285
Group 81: (Blocks 2654208-2686975) [ITABLE_ZEROED]
  Checksum 0x4b47, unused inodes 3236
  Backup superblock at 2654208, Group descriptors at 2654209-2654214
  Reserved GDT blocks at 2654215-2655232
  Block bitmap at 2621441 (bg #80 + 1), Inode bitmap at 2621457 (bg #80 + 17)
  Inode table at 2621984-2622495 (bg #80 + 544)
  6230 free blocks, 3236 free inodes, 418 directories, 3236 unused inodes
  Free blocks: 2655246-2655743, 2656256-2660351, 2660863-2661783, 2661788-2661790, 2661792-2662134, 2662136-2662142, 2662144-2662266, 2662272-2662287, 2662332-2662335, 2663027, 2663032, 2663036, 2663040-2663042, 2663044, 2663165, 2663170, 2663173, 2663175-2663176, 2663180-2663188, 2663190, 2663193, 2663195-2663196, 2663200-2663201, 2663203, 2663788-2663789, 2663864-2663871, 2663897-2663903, 2663925-2663929, 2670968, 2671267, 2675605, 2675789-2675791, 2676735, 2678444-2678447, 2678464-2678527, 2678651-2678655, 2678776, 2679528-2679531, 2679607-2679609, 2683224-2683304
  Free inodes: 668509-671744
Group 82: (Blocks 2686976-2719743) [INODE_UNINIT, ITABLE_ZEROED]
  Checksum 0x1a6e, unused inodes 8192
  Block bitmap at 2621442 (bg #80 + 2), Inode bitmap at 2621458 (bg #80 + 18)
  Inode table at 2622496-2623007 (bg #80 + 1056)
  18722 free blocks, 8192 free inodes, 0 directories, 8192 unused inodes
  Free blocks: 2697438-2697727, 2701312-2719743
  Free inodes: 671745-679936
Group 83: (Blocks 2719744-2752511) [INODE_UNINIT, BLOCK_UNINIT, ITABLE_ZEROED]
  Checksum 0x6160, unused inodes 8192
  Block bitmap at 2621443 (bg #80 + 3), Inode bitmap at 2621459 (bg #80 + 19)
  Inode table at 2623008-2623519 (bg #80 + 1568)
  32768 free blocks, 8192 free inodes, 0 directories, 8192 unused inodes
  Free blocks: 2719744-2752511
  Free inodes: 679937-688128
Group 84: (Blocks 2752512-2785279) [INODE_UNINIT, BLOCK_UNINIT, ITABLE_ZEROED]
  Checksum 0xc364, unused inodes 8192
  Block bitmap at 2621444 (bg #80 + 4), Inode bitmap at 2621460 (bg #80 + 20)
  Inode table at 2623520-2624031 (bg #80 + 2080)
  32768 free blocks, 8192 free inodes, 0 directories, 8192 unused inodes
  Free blocks: 2752512-2785279
  Free inodes: 688129-696320
Group 85: (Blocks 2785280-2818047) [INODE_UNINIT, BLOCK_UNINIT, ITABLE_ZEROED]
  Checksum 0x63bf, unused inodes 8192
  Block bitmap at 2621445 (bg #80 + 5), Inode bitmap at 2621461 (bg #80 + 21)
  Inode table at 2624032-2624543 (bg #80 + 2592)
  32768 free blocks, 8192 free inodes, 0 directories, 8192 unused inodes
  Free blocks: 2785280-2818047
  Free inodes: 696321-704512
Group 86: (Blocks 2818048-2850815) [INODE_UNINIT, BLOCK_UNINIT, ITABLE_ZEROED]
  Checksum 0xc2d1, unused inodes 8192
  Block bitmap at 2621446 (bg #80 + 6), Inode bitmap at 2621462 (bg #80 + 22)
  Inode table at 2624544-2625055 (bg #80 + 3104)
  32768 free blocks, 8192 free inodes, 0 directories, 8192 unused inodes
  Free blocks: 2818048-2850815
  Free inodes: 704513-712704
Group 87: (Blocks 2850816-2883583) [INODE_UNINIT, BLOCK_UNINIT, ITABLE_ZEROED]
  Checksum 0x620a, unused inodes 8192
  Block bitmap at 2621447 (bg #80 + 7), Inode bitmap at 2621463 (bg #80 + 23)
  Inode table at 2625056-2625567 (bg #80 + 3616)
  32768 free blocks, 8192 free inodes, 0 directories, 8192 unused inodes
  Free blocks: 2850816-2883583
  Free inodes: 712705-720896
Group 88: (Blocks 2883584-2916351) [INODE_UNINIT, BLOCK_UNINIT, ITABLE_ZEROED]
  Checksum 0xc6da, unused inodes 8192
  Block bitmap at 2621448 (bg #80 + 8), Inode bitmap at 2621464 (bg #80 + 24)
  Inode table at 2625568-2626079 (bg #80 + 4128)
  32768 free blocks, 8192 free inodes, 0 directories, 8192 unused inodes
  Free blocks: 2883584-2916351
  Free inodes: 720897-729088
Group 89: (Blocks 2916352-2949119) [INODE_UNINIT, BLOCK_UNINIT, ITABLE_ZEROED]
  Checksum 0x6601, unused inodes 8192
  Block bitmap at 2621449 (bg #80 + 9), Inode bitmap at 2621465 (bg #80 + 25)
  Inode table at 2626080-2626591 (bg #80 + 4640)
  32768 free blocks, 8192 free inodes, 0 directories, 8192 unused inodes
  Free blocks: 2916352-2949119
  Free inodes: 729089-737280
Group 90: (Blocks 2949120-2981887) [INODE_UNINIT, BLOCK_UNINIT, ITABLE_ZEROED]
  Checksum 0xc76f, unused inodes 8192
  Block bitmap at 2621450 (bg #80 + 10), Inode bitmap at 2621466 (bg #80 + 26)
  Inode table at 2626592-2627103 (bg #80 + 5152)
  32768 free blocks, 8192 free inodes, 0 directories, 8192 unused inodes
  Free blocks: 2949120-2981887
  Free inodes: 737281-745472
Group 91: (Blocks 2981888-3014655) [INODE_UNINIT, BLOCK_UNINIT, ITABLE_ZEROED]
  Checksum 0x67b4, unused inodes 8192
  Block bitmap at 2621451 (bg #80 + 11), Inode bitmap at 2621467 (bg #80 + 27)
  Inode table at 2627104-2627615 (bg #80 + 5664)
  32768 free blocks, 8192 free inodes, 0 directories, 8192 unused inodes
  Free blocks: 2981888-3014655
  Free inodes: 745473-753664
Group 92: (Blocks 3014656-3047423) [INODE_UNINIT, BLOCK_UNINIT, ITABLE_ZEROED]
  Checksum 0xc5b0, unused inodes 8192
  Block bitmap at 2621452 (bg #80 + 12), Inode bitmap at 2621468 (bg #80 + 28)
  Inode table at 2627616-2628127 (bg #80 + 6176)
  32768 free blocks, 8192 free inodes, 0 directories, 8192 unused inodes
  Free blocks: 3014656-3047423
  Free inodes: 753665-761856
Group 93: (Blocks 3047424-3080191) [INODE_UNINIT, BLOCK_UNINIT, ITABLE_ZEROED]
  Checksum 0x656b, unused inodes 8192
  Block bitmap at 2621453 (bg #80 + 13), Inode bitmap at 2621469 (bg #80 + 29)
  Inode table at 2628128-2628639 (bg #80 + 6688)
  32768 free blocks, 8192 free inodes, 0 directories, 8192 unused inodes
  Free blocks: 3047424-3080191
  Free inodes: 761857-770048
Group 94: (Blocks 3080192-3112959) [INODE_UNINIT, BLOCK_UNINIT, ITABLE_ZEROED]
  Checksum 0xc405, unused inodes 8192
  Block bitmap at 2621454 (bg #80 + 14), Inode bitmap at 2621470 (bg #80 + 30)
  Inode table at 2628640-2629151 (bg #80 + 7200)
  32768 free blocks, 8192 free inodes, 0 directories, 8192 unused inodes
  Free blocks: 3080192-3112959
  Free inodes: 770049-778240
Group 95: (Blocks 3112960-3145727) [INODE_UNINIT, BLOCK_UNINIT, ITABLE_ZEROED]
  Checksum 0x64de, unused inodes 8192
  Block bitmap at 2621455 (bg #80 + 15), Inode bitmap at 2621471 (bg #80 + 31)
  Inode table at 2629152-2629663 (bg #80 + 7712)
  32768 free blocks, 8192 free inodes, 0 directories, 8192 unused inodes
  Free blocks: 3112960-3145727
  Free inodes: 778241-786432
Group 96: (Blocks 3145728-3178495) [ITABLE_ZEROED]
  Checksum 0x25c1, unused inodes 0
  Block bitmap at 3145728 (+0), Inode bitmap at 3145744 (+16)
  Inode table at 3145760-3146271 (+32)
  23001 free blocks, 608 free inodes, 1045 directories
  Free blocks: 3155495-3178495
  Free inodes: 791180, 791860-792466
Group 97: (Blocks 3178496-3211263) [ITABLE_ZEROED]
  Checksum 0x920c, unused inodes 513
  Block bitmap at 3145729 (bg #96 + 1), Inode bitmap at 3145745 (bg #96 + 17)
  Inode table at 3146272-3146783 (bg #96 + 544)
  173 free blocks, 896 free inodes, 439 directories, 513 unused inodes
  Free blocks: 3183811, 3187306-3187307, 3188294-3188295, 3201344-3201349, 3209870-3209871, 3210646-3210751, 3211099, 3211103-3211104, 3211106, 3211111-3211113, 3211135, 3211137-3211138, 3211140, 3211146-3211148, 3211153, 3211155-3211157, 3211159-3211162, 3211164-3211165, 3211167, 3211170-3211172, 3211182, 3211184-3211185, 3211187, 3211190-3211192, 3211195, 3211197-3211199, 3211201-3211204, 3211206-3211208, 3211210-3211212, 3211216, 3211218-3211220, 3211223
  Free inodes: 794695-794696, 797196, 797199-797205, 797207, 800385, 800390-800395, 801939-802816
Group 98: (Blocks 3211264-3244031) [INODE_UNINIT, ITABLE_ZEROED]
  Checksum 0x9014, unused inodes 8192
  Block bitmap at 3145730 (bg #96 + 2), Inode bitmap at 3145746 (bg #96 + 18)
  Inode table at 3146784-3147295 (bg #96 + 1056)
  11172 free blocks, 8192 free inodes, 0 directories, 8192 unused inodes
  Free blocks: 3211538, 3211545, 3211568, 3211582, 3211616, 3211740, 3211750, 3212401-3213195, 3215150, 3215731-3215736, 3215738, 3215754, 3216768, 3216779, 3216783, 3219061, 3219411-3219416, 3219439-3219445, 3219448, 3221059, 3221884, 3222013, 3222015, 3222068, 3222207-3222208, 3222211-3222247, 3222295, 3222363, 3222371, 3222385, 3222409, 3222421, 3222449, 3222457, 3222476-3222527, 3226979-3227135, 3228296-3228360, 3228364-3228467, 3228472-3228548, 3228552-3228603, 3228605, 3228608-3228687, 3228692-3228720, 3228735-3228759, 3228804-3228815, 3228820-3228827, 3228836-3228847, 3228849, 3228852-3228876, 3228892-3228911, 3228915-3228931, 3228934, 3228944-3228955, 3228976-3228979, 3228982, 3228985-3228993, 3229011-3229025, 3229028-3229042, 3229067-3229076, 3229080-3229090, 3229093-3229103, 3229108-3229142, 3229144-3229152, 3229156-3229171, 3229181-3229199, 3229206-3229208, 3229218-3229243, 3229246-3229257, 3229260-3229286, 3229289-3229295, 3229301-3229326, 3229331-3229338, 3229356-3229373, 3229378-3229388, 3229391-3229393, 3229396-3229417, 3229420-3229443, 3229446-3229457, 3229462-3229485, 3229488-3229491, 3229494-3229501, 3229504-3229530, 3229533-3229537, 3229544-3229572, 3229575-3229579, 3229582-3229586, 3229589-3229607, 3229610-3229613, 3229616-3229627, 3229630-3229648, 3229651-3229666, 3229669-3229674, 3229677-3229693, 3229696-3229708, 3229711-3229737, 3229740-3229748, 3229751-3229755, 3229758-3229777, 3229780-3229795, 3229798-3229836, 3229839-3229845, 3229848-3229853, 3229856-3229881, 3229884-3229891, 3229894-3229897, 3229900-3229907, 3229910-3229923, 3229926-3229931, 3229934-3229951, 3229954-3229959, 3229962-3229997, 3230002-3230005, 3230008-3230011, 3230014-3230032, 3230035-3230039, 3230042-3230059, 3230062-3230085, 3230090-3230096, 3230099-3230101, 3230103-3230114, 3230116-3230118, 3230120-3230123, 3230125-3230127, 3230129-3230143, 3230145-3230172, 3230175-3230199, 3230204-3230213, 3230216-3230225, 3230227-3230233, 3230236-3230257, 3230259-3230262, 3230264-3230267, 3230269-3230276, 3230279-3230294, 3230296-3230298, 3230300-3230304, 3230306-3230324, 3230326-3230332, 3230335-3230338, 3230340-3230349, 3230351-3230359, 3230361-3230365, 3230368-3230378, 3230380-3230386, 3230388-3230391, 3230393-3230408, 3230410-3230417, 3230420-3230435, 3230438-3230471, 3230474-3230483, 3230486-3230496, 3230499-3230504, 3230506-3230510, 3230512-3230516, 3230518-3230520, 3230523-3230542, 3230545-3230550, 3230553-3230562, 3230565-3230584, 3230587-3230590, 3230592-3230593, 3230595, 3230597-3230611, 3230614-3230621, 3230624-3230626, 3230628-3230632, 3230634-3230646, 3230648-3230654, 3230657-3230664, 3230666-3230673, 3230675-3230679, 3230682-3230689, 3230693-3230701, 3230703-3230711, 3230714-3230722, 3230724-3230726, 3230728-3230732, 3230735-3230745, 3230747-3230755, 3230757-3230762, 3230765-3230783, 3230785-3230793, 3230796-3230800, 3230802-3230804, 3230806-3230822, 3230824-3230827, 3230829-3230832, 3230834-3230836, 3230838-3230845, 3230847-3230852, 3230854-3230857, 3230859-3230865, 3230867-3230875, 3230877-3230894, 3230896-3230902, 3230904-3230907, 3230909-3230922, 3230925-3230934, 3230936-3230946, 3230949-3230951, 3230953-3230955, 3230957-3230965, 3230967-3230975, 3230977-3230979, 3230981-3230983, 3230985-3230990, 3230992-3231014, 3231016-3231019, 3231021-3231030, 3231033-3231035, 3231037-3231056, 3231058-3231063, 3231066-3231073, 3231075-3231093, 3231095-3231098, 3231100-3231105, 3231108-3231110, 3231112-3231126, 3231128-3231131, 3231133-3231135, 3231137-3231161, 3231163-3231166, 3231168-3231182, 3231185-3231198, 3231200-3231209, 3231212-3231218, 3231220-3231223, 3231225-3231227, 3231230-3231239, 3231241-3231243, 3231245-3231247, 3231249-3231253, 3231256-3231272, 3231274-3231276, 3231278-3231280, 3231282-3231286, 3231289-3231300, 3231302-3231311, 3231313-3231315, 3231317-3231325, 3231328-3231336, 3231338-3231340, 3231342-3231344, 3231346-3231360, 3231362-3231367, 3231369-3231372, 3231374-3231376, 3231378-3231396, 3231398-3231400, 3231402-3231404, 3231406-3231410, 3231412-3231424, 3231426-3231428, 3231430-3231436, 3231438-3231440, 3231442-3231451, 3231453-3231466, 3231468-3231470, 3231472-3231482, 3231484-3231498, 3231501-3231504, 3231506-3231526, 3231528-3231530, 3231532-3231541, 3231543-3231554, 3231557-3231575, 3231577-3231586, 3231588-3231591, 3231593-3231597, 3231599-3231615, 3231617-3231638, 3231640-3231644, 3231646-3231655, 3231657-3231679, 3231681-3231712, 3231714-3231719, 3231721-3231739, 3231741-3231755, 3231757-3231762, 3231765-3231811, 3231813-3231821, 3231823-3231848, 3231850-3231859, 3231861-3231870, 3231873-3231876, 3231878-3231881, 3231883-3231901, 3231903-3231939, 3231941-3231956, 3231958-3231965, 3231967-3231978, 3231980-3231991, 3231993-3232007, 3232009-3232015, 3232017-3232020, 3232022-3232047, 3232049-3232066, 3232068-3232072, 3232074-3232079, 3232081-3232086, 3232088-3232110, 3232112-3232126, 3232129-3232150, 3232154-3232165, 3232169-3232202, 3232204-3232230, 3232232-3232254, 3232256-3232264, 3232267-3232297, 3232299-3232311, 3232313-3232321, 3232323-3232331, 3232333-3232341, 3232343-3232354, 3232356-3232368, 3232371-3232383, 3232385-3232420, 3232422-3232428, 3232430-3232442, 3232444-3232451, 3232456-3232500, 3232503-3232539, 3232541-3232549, 3232555-3232592, 3232594-3232607, 3232609-3232616, 3232618-3232638, 3232640-3232655, 3232657-3232665, 3232667-3232692, 3232694-3232700, 3232702-3232708, 3232710-3232716, 3232718-3232754, 3232756-3232764, 3232766-3232783, 3232785-3232796, 3232798-3232809, 3232812-3232827, 3232829-3232862, 3232864-3232871, 3232873-3232888, 3232890-3232899, 3232901-3232926, 3232928-3232939, 3232943-3232955, 3232957-3232983, 3232985-3233008, 3233010-3233019, 3233021-3233029, 3233031-3233046, 3233048-3233054, 3233056-3233075, 3233081-3233100, 3233103-3233123, 3233125-3233133, 3233135-3233164, 3233167-3233180, 3233182-3233187, 3233191-3233206, 3233208-3233242, 3233244-3233255, 3233258-3233272, 3233274-3233309, 3233313-3233330, 3233332-3233342, 3233344-3233351, 3233353-3233360, 3233362-3233381, 3233383-3233394, 3233396-3233411, 3233413-3233427, 3233432-3233437, 3233439-3233451, 3233453-3233466, 3233468-3233474, 3233476-3233492, 3233494-3233502, 3233504-3233515, 3233517-3233528, 3233530-3233541, 3233543-3233554, 3233559-3233606, 3233635-3233658, 3233665-3233682, 3233685-3233704, 3233711-3233734, 3233737-3233739, 3233742-3233775, 3233780-3233803, 3233808-3233819, 3233822-3233829, 3233846-3233873, 3233896-3233930, 3233933-3233948, 3233955-3233967, 3233970-3233982, 3233985-3233998, 3234021-3234032, 3234034-3234045, 3234053-3234065, 3234068-3234080, 3234083-3234108, 3234113-3234124, 3234127-3234140, 3234149-3234161, 3234164-3234176, 3234181-3234197, 3234200-3234207, 3234211-3234242, 3234249-3234262, 3234271-3234286, 3234291-3234310, 3234315-3234319, 3234322-3234327, 3234330-3234335, 3234340-3234370, 3234373-3234376, 3234379-3234389, 3234394-3234415, 3234418-3234422, 3234425-3234429, 3234440-3234451, 3234457-3234470, 3234475-3234502, 3234504-3234509, 3234511-3234513, 3234517-3234519, 3234521-3234538, 3234545-3234547, 3234553-3234815, 3235328-3235591, 3235603-3235725, 3235727-3235740, 3235755-3235766, 3235779-3235815, 3235817-3236146, 3236148-3236397, 3236399-3236445, 3236448-3236540, 3236544-3237358, 3237375-3237394, 3237401-3237501, 3237506-3237887, 3240960-3241039, 3241041-3241051, 3241053-3241093, 3241095-3241750, 3241769-3241781, 3241783-3241793, 3241795-3241847, 3241849-3242116, 3242118-3242128, 3242130-3242182, 3242184-3242854, 3242856-3242993, 3242995-3243003, 3243006-3243007, 3243143, 3243316
  Free inodes: 802817-811008
Group 99: (Blocks 3244032-3276799) [INODE_UNINIT, ITABLE_ZEROED]
  Checksum 0xb2f6, unused inodes 8192
  Block bitmap at 3145731 (bg #96 + 3), Inode bitmap at 3145747 (bg #96 + 19)
  Inode table at 3147296-3147807 (bg #96 + 1568)
  28289 free blocks, 8192 free inodes, 0 directories, 8192 unused inodes
  Free blocks: 3244415-3244543, 3245110-3245119, 3245157-3245158, 3247088-3247103, 3248640-3248678, 3248680-3248699, 3248702-3248719, 3248721-3248726, 3248728-3248743, 3248746-3248761, 3248764-3248781, 3248783-3248804, 3248806-3248821, 3248828-3248837, 3248841-3249038, 3249043-3249102, 3249107-3276799
  Free inodes: 811009-819200
Group 100: (Blocks 3276800-3309567) [INODE_UNINIT, BLOCK_UNINIT, ITABLE_ZEROED]
  Checksum 0x565e, unused inodes 8192
  Block bitmap at 3145732 (bg #96 + 4), Inode bitmap at 3145748 (bg #96 + 20)
  Inode table at 3147808-3148319 (bg #96 + 2080)
  32768 free blocks, 8192 free inodes, 0 directories, 8192 unused inodes
  Free blocks: 3276800-3309567
  Free inodes: 819201-827392
Group 101: (Blocks 3309568-3342335) [INODE_UNINIT, BLOCK_UNINIT, ITABLE_ZEROED]
  Checksum 0xf685, unused inodes 8192
  Block bitmap at 3145733 (bg #96 + 5), Inode bitmap at 3145749 (bg #96 + 21)
  Inode table at 3148320-3148831 (bg #96 + 2592)
  32768 free blocks, 8192 free inodes, 0 directories, 8192 unused inodes
  Free blocks: 3309568-3342335
  Free inodes: 827393-835584
Group 102: (Blocks 3342336-3375103) [INODE_UNINIT, BLOCK_UNINIT, ITABLE_ZEROED]
  Checksum 0x57eb, unused inodes 8192
  Block bitmap at 3145734 (bg #96 + 6), Inode bitmap at 3145750 (bg #96 + 22)
  Inode table at 3148832-3149343 (bg #96 + 3104)
  32768 free blocks, 8192 free inodes, 0 directories, 8192 unused inodes
  Free blocks: 3342336-3375103
  Free inodes: 835585-843776
Group 103: (Blocks 3375104-3407871) [INODE_UNINIT, BLOCK_UNINIT, ITABLE_ZEROED]
  Checksum 0xf730, unused inodes 8192
  Block bitmap at 3145735 (bg #96 + 7), Inode bitmap at 3145751 (bg #96 + 23)
  Inode table at 3149344-3149855 (bg #96 + 3616)
  32768 free blocks, 8192 free inodes, 0 directories, 8192 unused inodes
  Free blocks: 3375104-3407871
  Free inodes: 843777-851968
Group 104: (Blocks 3407872-3440639) [INODE_UNINIT, BLOCK_UNINIT, ITABLE_ZEROED]
  Checksum 0x53e0, unused inodes 8192
  Block bitmap at 3145736 (bg #96 + 8), Inode bitmap at 3145752 (bg #96 + 24)
  Inode table at 3149856-3150367 (bg #96 + 4128)
  32768 free blocks, 8192 free inodes, 0 directories, 8192 unused inodes
  Free blocks: 3407872-3440639
  Free inodes: 851969-860160
Group 105: (Blocks 3440640-3473407) [INODE_UNINIT, BLOCK_UNINIT, ITABLE_ZEROED]
  Checksum 0xf33b, unused inodes 8192
  Block bitmap at 3145737 (bg #96 + 9), Inode bitmap at 3145753 (bg #96 + 25)
  Inode table at 3150368-3150879 (bg #96 + 4640)
  32768 free blocks, 8192 free inodes, 0 directories, 8192 unused inodes
  Free blocks: 3440640-3473407
  Free inodes: 860161-868352
Group 106: (Blocks 3473408-3506175) [INODE_UNINIT, BLOCK_UNINIT, ITABLE_ZEROED]
  Checksum 0x5255, unused inodes 8192
  Block bitmap at 3145738 (bg #96 + 10), Inode bitmap at 3145754 (bg #96 + 26)
  Inode table at 3150880-3151391 (bg #96 + 5152)
  32768 free blocks, 8192 free inodes, 0 directories, 8192 unused inodes
  Free blocks: 3473408-3506175
  Free inodes: 868353-876544
Group 107: (Blocks 3506176-3538943) [INODE_UNINIT, BLOCK_UNINIT, ITABLE_ZEROED]
  Checksum 0xf28e, unused inodes 8192
  Block bitmap at 3145739 (bg #96 + 11), Inode bitmap at 3145755 (bg #96 + 27)
  Inode table at 3151392-3151903 (bg #96 + 5664)
  32768 free blocks, 8192 free inodes, 0 directories, 8192 unused inodes
  Free blocks: 3506176-3538943
  Free inodes: 876545-884736
Group 108: (Blocks 3538944-3571711) [INODE_UNINIT, BLOCK_UNINIT, ITABLE_ZEROED]
  Checksum 0x508a, unused inodes 8192
  Block bitmap at 3145740 (bg #96 + 12), Inode bitmap at 3145756 (bg #96 + 28)
  Inode table at 3151904-3152415 (bg #96 + 6176)
  32768 free blocks, 8192 free inodes, 0 directories, 8192 unused inodes
  Free blocks: 3538944-3571711
  Free inodes: 884737-892928
Group 109: (Blocks 3571712-3604479) [INODE_UNINIT, BLOCK_UNINIT, ITABLE_ZEROED]
  Checksum 0xf051, unused inodes 8192
  Block bitmap at 3145741 (bg #96 + 13), Inode bitmap at 3145757 (bg #96 + 29)
  Inode table at 3152416-3152927 (bg #96 + 6688)
  32768 free blocks, 8192 free inodes, 0 directories, 8192 unused inodes
  Free blocks: 3571712-3604479
  Free inodes: 892929-901120
Group 110: (Blocks 3604480-3637247) [INODE_UNINIT, BLOCK_UNINIT, ITABLE_ZEROED]
  Checksum 0x513f, unused inodes 8192
  Block bitmap at 3145742 (bg #96 + 14), Inode bitmap at 3145758 (bg #96 + 30)
  Inode table at 3152928-3153439 (bg #96 + 7200)
  32768 free blocks, 8192 free inodes, 0 directories, 8192 unused inodes
  Free blocks: 3604480-3637247
  Free inodes: 901121-909312
Group 111: (Blocks 3637248-3670015) [INODE_UNINIT, BLOCK_UNINIT, ITABLE_ZEROED]
  Checksum 0xf1e4, unused inodes 8192
  Block bitmap at 3145743 (bg #96 + 15), Inode bitmap at 3145759 (bg #96 + 31)
  Inode table at 3153440-3153951 (bg #96 + 7712)
  32768 free blocks, 8192 free inodes, 0 directories, 8192 unused inodes
  Free blocks: 3637248-3670015
  Free inodes: 909313-917504
Group 112: (Blocks 3670016-3702783) [ITABLE_ZEROED]
  Checksum 0x60a3, unused inodes 0
  Block bitmap at 3670016 (+0), Inode bitmap at 3670032 (+16)
  Inode table at 3670048-3670559 (+32)
  23009 free blocks, 2 free inodes, 1222 directories
  Free blocks: 3679775-3702783
  Free inodes: 919716, 920167
Group 113: (Blocks 3702784-3735551) [ITABLE_ZEROED]
  Checksum 0x0e67, unused inodes 5538
  Block bitmap at 3670017 (bg #112 + 1), Inode bitmap at 3670033 (bg #112 + 17)
  Inode table at 3670560-3671071 (bg #112 + 544)
  2671 free blocks, 5541 free inodes, 261 directories, 5538 unused inodes
  Free blocks: 3704832-3704835, 3706184-3706185, 3706192-3706193, 3706240, 3706250, 3712256-3712767, 3714304-3714559, 3715086-3715199, 3715328-3715711, 3715768-3715775, 3715840-3715903, 3716032-3716035, 3716038, 3716040-3716044, 3716064-3716095, 3716608-3716671, 3716680-3716684, 3717483, 3717488-3717491, 3717558, 3717635-3717639, 3717642, 3717728-3717776, 3717784-3717811, 3717815, 3717872-3717896, 3717899, 3717911, 3717914, 3717918, 3717920, 3717923-3717927, 3717929, 3717932-3717939, 3718020-3718023, 3718032-3718076, 3718079-3718143, 3719012, 3720476-3720520, 3720524-3720527, 3720791, 3721100-3721215, 3721221, 3721231, 3722599-3722624, 3722722, 3722736-3722739, 3722830-3722831, 3722903-3722904, 3722922, 3723014, 3723039, 3723051, 3723054, 3723058, 3723070, 3723081, 3723084-3723117, 3723119-3723123, 3723126, 3723145, 3723167, 3723174-3723175, 3723200, 3723207-3723213, 3723216-3723243, 3723311, 3723318-3723319, 3727213-3727215, 3727257-3727359, 3728069, 3728073, 3728081, 3728086-3728150, 3728152-3728410, 3729459, 3729562-3729571, 3729573-3729575, 3729624-3729625, 3729679-3729695, 3729722-3729723, 3729750-3729751, 3729754-3729755, 3729764-3729781, 3729826-3729828, 3729836-3729837, 3729845-3729919, 3730438-3730440, 3730445, 3730454-3730456, 3730458, 3730466-3730468, 3730473, 3730484-3730485, 3730487, 3730492, 3730494-3730495, 3730505, 3730516-3730517, 3730519, 3730522, 3730579-3730580, 3730582, 3730586-3730587, 3730635-3730636, 3730638, 3730641, 3730662-3730664, 3730666, 3730673-3730675, 3730677, 3730680-3730682, 3730685, 3730695-3730697, 3730702, 3730713-3730715, 3730717, 3730727-3730728, 3730730, 3730733, 3730751-3730752, 3730754, 3730759, 3730767-3730768, 3730770, 3730774, 3730784-3730785, 3730787, 3730790, 3730803-3730805, 3730808, 3730820-3730821, 3730823, 3730828, 3730844-3730845, 3730847, 3730851, 3730871-3730872, 3730874, 3730877, 3730938-3730939, 3730942, 3730949-3730951, 3730953, 3730969-3730971, 3730973, 3731027-3731029, 3731040
  Free inodes: 926915-926916, 927590, 928351-933888
Group 114: (Blocks 3735552-3768319) [INODE_UNINIT, ITABLE_ZEROED]
  Checksum 0xcd92, unused inodes 8192
  Block bitmap at 3670018 (bg #112 + 2), Inode bitmap at 3670034 (bg #112 + 18)
  Inode table at 3671072-3671583 (bg #112 + 1056)
  20739 free blocks, 8192 free inodes, 0 directories, 8192 unused inodes
  Free blocks: 3743724-3751935, 3755281-3755519, 3756032-3768319
  Free inodes: 933889-942080
Group 115: (Blocks 3768320-3801087) [INODE_UNINIT, BLOCK_UNINIT, ITABLE_ZEROED]
  Checksum 0x874c, unused inodes 8192
  Block bitmap at 3670019 (bg #112 + 3), Inode bitmap at 3670035 (bg #112 + 19)
  Inode table at 3671584-3672095 (bg #112 + 1568)
  32768 free blocks, 8192 free inodes, 0 directories, 8192 unused inodes
  Free blocks: 3768320-3801087
  Free inodes: 942081-950272
Group 116: (Blocks 3801088-3833855) [INODE_UNINIT, BLOCK_UNINIT, ITABLE_ZEROED]
  Checksum 0x2548, unused inodes 8192
  Block bitmap at 3670020 (bg #112 + 4), Inode bitmap at 3670036 (bg #112 + 20)
  Inode table at 3672096-3672607 (bg #112 + 2080)
  32768 free blocks, 8192 free inodes, 0 directories, 8192 unused inodes
  Free blocks: 3801088-3833855
  Free inodes: 950273-958464
Group 117: (Blocks 3833856-3866623) [INODE_UNINIT, BLOCK_UNINIT, ITABLE_ZEROED]
  Checksum 0x8593, unused inodes 8192
  Block bitmap at 3670021 (bg #112 + 5), Inode bitmap at 3670037 (bg #112 + 21)
  Inode table at 3672608-3673119 (bg #112 + 2592)
  32768 free blocks, 8192 free inodes, 0 directories, 8192 unused inodes
  Free blocks: 3833856-3866623
  Free inodes: 958465-966656
Group 118: (Blocks 3866624-3899391) [INODE_UNINIT, BLOCK_UNINIT, ITABLE_ZEROED]
  Checksum 0x24fd, unused inodes 8192
  Block bitmap at 3670022 (bg #112 + 6), Inode bitmap at 3670038 (bg #112 + 22)
  Inode table at 3673120-3673631 (bg #112 + 3104)
  32768 free blocks, 8192 free inodes, 0 directories, 8192 unused inodes
  Free blocks: 3866624-3899391
  Free inodes: 966657-974848
Group 119: (Blocks 3899392-3932159) [INODE_UNINIT, BLOCK_UNINIT, ITABLE_ZEROED]
  Checksum 0x8426, unused inodes 8192
  Block bitmap at 3670023 (bg #112 + 7), Inode bitmap at 3670039 (bg #112 + 23)
  Inode table at 3673632-3674143 (bg #112 + 3616)
  32768 free blocks, 8192 free inodes, 0 directories, 8192 unused inodes
  Free blocks: 3899392-3932159
  Free inodes: 974849-983040
Group 120: (Blocks 3932160-3964927) [INODE_UNINIT, BLOCK_UNINIT, ITABLE_ZEROED]
  Checksum 0x20f6, unused inodes 8192
  Block bitmap at 3670024 (bg #112 + 8), Inode bitmap at 3670040 (bg #112 + 24)
  Inode table at 3674144-3674655 (bg #112 + 4128)
  32768 free blocks, 8192 free inodes, 0 directories, 8192 unused inodes
  Free blocks: 3932160-3964927
  Free inodes: 983041-991232
Group 121: (Blocks 3964928-3997695) [INODE_UNINIT, BLOCK_UNINIT, ITABLE_ZEROED]
  Checksum 0x802d, unused inodes 8192
  Block bitmap at 3670025 (bg #112 + 9), Inode bitmap at 3670041 (bg #112 + 25)
  Inode table at 3674656-3675167 (bg #112 + 4640)
  32768 free blocks, 8192 free inodes, 0 directories, 8192 unused inodes
  Free blocks: 3964928-3997695
  Free inodes: 991233-999424
Group 122: (Blocks 3997696-4030463) [INODE_UNINIT, BLOCK_UNINIT, ITABLE_ZEROED]
  Checksum 0x2143, unused inodes 8192
  Block bitmap at 3670026 (bg #112 + 10), Inode bitmap at 3670042 (bg #112 + 26)
  Inode table at 3675168-3675679 (bg #112 + 5152)
  32768 free blocks, 8192 free inodes, 0 directories, 8192 unused inodes
  Free blocks: 3997696-4030463
  Free inodes: 999425-1007616
Group 123: (Blocks 4030464-4063231) [INODE_UNINIT, BLOCK_UNINIT, ITABLE_ZEROED]
  Checksum 0x8198, unused inodes 8192
  Block bitmap at 3670027 (bg #112 + 11), Inode bitmap at 3670043 (bg #112 + 27)
  Inode table at 3675680-3676191 (bg #112 + 5664)
  32768 free blocks, 8192 free inodes, 0 directories, 8192 unused inodes
  Free blocks: 4030464-4063231
  Free inodes: 1007617-1015808
Group 124: (Blocks 4063232-4095999) [INODE_UNINIT, BLOCK_UNINIT, ITABLE_ZEROED]
  Checksum 0x239c, unused inodes 8192
  Block bitmap at 3670028 (bg #112 + 12), Inode bitmap at 3670044 (bg #112 + 28)
  Inode table at 3676192-3676703 (bg #112 + 6176)
  32768 free blocks, 8192 free inodes, 0 directories, 8192 unused inodes
  Free blocks: 4063232-4095999
  Free inodes: 1015809-1024000
Group 125: (Blocks 4096000-4128767) [INODE_UNINIT, BLOCK_UNINIT, ITABLE_ZEROED]
  Checksum 0xa674, unused inodes 8192
  Backup superblock at 4096000, Group descriptors at 4096001-4096006
  Reserved GDT blocks at 4096007-4097024
  Block bitmap at 3670029 (bg #112 + 13), Inode bitmap at 3670045 (bg #112 + 29)
  Inode table at 3676704-3677215 (bg #112 + 6688)
  31743 free blocks, 8192 free inodes, 0 directories, 8192 unused inodes
  Free blocks: 4097025-4128767
  Free inodes: 1024001-1032192
Group 126: (Blocks 4128768-4161535) [INODE_UNINIT, BLOCK_UNINIT, ITABLE_ZEROED]
  Checksum 0x2229, unused inodes 8192
  Block bitmap at 3670030 (bg #112 + 14), Inode bitmap at 3670046 (bg #112 + 30)
  Inode table at 3677216-3677727 (bg #112 + 7200)
  32768 free blocks, 8192 free inodes, 0 directories, 8192 unused inodes
  Free blocks: 4128768-4161535
  Free inodes: 1032193-1040384
Group 127: (Blocks 4161536-4194303) [INODE_UNINIT, BLOCK_UNINIT, ITABLE_ZEROED]
  Checksum 0x82f2, unused inodes 8192
  Block bitmap at 3670031 (bg #112 + 15), Inode bitmap at 3670047 (bg #112 + 31)
  Inode table at 3677728-3678239 (bg #112 + 7712)
  32768 free blocks, 8192 free inodes, 0 directories, 8192 unused inodes
  Free blocks: 4161536-4194303
  Free inodes: 1040385-1048576
Group 128: (Blocks 4194304-4227071) [ITABLE_ZEROED]
  Checksum 0xeaac, unused inodes 0
  Block bitmap at 4194304 (+0), Inode bitmap at 4194320 (+16)
  Inode table at 4194336-4194847 (+32)
  22955 free blocks, 0 free inodes, 423 directories
  Free blocks: 4204117-4227071
  Free inodes: 
Group 129: (Blocks 4227072-4259839) [ITABLE_ZEROED]
  Checksum 0x2489, unused inodes 0
  Block bitmap at 4194305 (bg #128 + 1), Inode bitmap at 4194321 (bg #128 + 17)
  Inode table at 4194848-4195359 (bg #128 + 544)
  6176 free blocks, 1750 free inodes, 829 directories
  Free blocks: 4242615, 4243436, 4245329, 4245399, 4245452-4245503, 4246041, 4246043, 4246054, 4246074, 4246233-4246234, 4246248, 4246454, 4246458, 4246462, 4246483, 4246485, 4246489, 4246671, 4246673-4246674, 4246676, 4246680-4246682, 4246706, 4246708-4246710, 4246713-4246716, 4246754, 4246756-4246757, 4246759, 4246766-4246769, 4246986, 4246990-4246992, 4246994-4246996, 4247000, 4247010, 4247012-4247014, 4247016-4247018, 4247025, 4247027-4247028, 4247030, 4247033-4247035, 4247349-4247351, 4247353, 4247554-4247558, 4247560, 4247562-4247563, 4247565-4247568, 4247570-4247571, 4247576-4247643, 4247648-4247671, 4247674, 4247682-4247683, 4247688, 4247817, 4247930, 4247934-4247991, 4247997, 4248010-4248012, 4248014, 4248064-4248311, 4248316-4248317, 4248457-4248462, 4248689, 4248692-4248693, 4248734-4248775, 4248783-4248799, 4248857, 4248860-4248875, 4249243-4251647, 4251933, 4251936-4251978, 4251985-4251988, 4251991-4251994, 4251999, 4252040-4252041, 4252303, 4253361-4253385, 4253387-4254096, 4254104-4254115, 4254443-4254444, 4254446-4254457, 4254469, 4254476-4254780, 4254782-4254786, 4254788-4254789, 4254791, 4254804-4255174, 4255176-4255177, 4255186, 4255189, 4255191, 4255212, 4255217-4255220, 4255267-4255268, 4255273, 4255277, 4255281-4255285, 4255287-4255288, 4255290, 4255554-4255555, 4255562-4255578, 4255581-4255590, 4255597-4255598, 4255614-4255625, 4255631-4255635, 4255764-4255769, 4255838-4255860, 4255883, 4255897-4255962, 4255964-4255971, 4255975-4255979, 4256021, 4256024, 4256046-4256066, 4256070, 4256078-4256098, 4256100-4256104, 4256126-4256142, 4256202-4256214, 4256270-4256271, 4256292-4256295, 4256304-4256333, 4256343-4256362, 4256364-4256365, 4256388-4256445, 4256472-4256479, 4256512-4256716, 4256718-4256719, 4256820-4256831, 4256925, 4256928-4256951, 4256968-4256969, 4257745, 4258190-4258194, 4258196-4258199, 4258201-4258207, 4258209, 4258211-4258219, 4258454-4258463, 4258496-4258815, 4259080-4259087, 4259095-4259321, 4259328-4259743, 4259784-4259787
  Free inodes: 1057127-1057128, 1059714-1061455, 1062858-1062863
Group 130: (Blocks 4259840-4292607) [ITABLE_ZEROED]
  Checksum 0xbb7b, unused inodes 6941
  Block bitmap at 4194306 (bg #128 + 2), Inode bitmap at 4194322 (bg #128 + 18)
  Inode table at 4195360-4195871 (bg #128 + 1056)
  25222 free blocks, 6941 free inodes, 231 directories, 6941 unused inodes
  Free blocks: 4259840-4262286, 4262288-4262302, 4262304-4262309, 4262326-4262327, 4262332-4262350, 4262352-4262353, 4262384-4262399, 4262899, 4262903-4262904, 4262906, 4262909-4262911, 4263781-4263935, 4270055-4292607
  Free inodes: 1066212-1073152
Group 131: (Blocks 4292608-4325375) [INODE_UNINIT, BLOCK_UNINIT, ITABLE_ZEROED]
  Checksum 0xc698, unused inodes 8192
  Block bitmap at 4194307 (bg #128 + 3), Inode bitmap at 4194323 (bg #128 + 19)
  Inode table at 4195872-4196383 (bg #128 + 1568)
  32768 free blocks, 8192 free inodes, 0 directories, 8192 unused inodes
  Free blocks: 4292608-4325375
  Free inodes: 1073153-1081344
Group 132: (Blocks 4325376-4358143) [INODE_UNINIT, BLOCK_UNINIT, ITABLE_ZEROED]
  Checksum 0x649c, unused inodes 8192
  Block bitmap at 4194308 (bg #128 + 4), Inode bitmap at 4194324 (bg #128 + 20)
  Inode table at 4196384-4196895 (bg #128 + 2080)
  32768 free blocks, 8192 free inodes, 0 directories, 8192 unused inodes
  Free blocks: 4325376-4358143
  Free inodes: 1081345-1089536
Group 133: (Blocks 4358144-4390911) [INODE_UNINIT, BLOCK_UNINIT, ITABLE_ZEROED]
  Checksum 0xc447, unused inodes 8192
  Block bitmap at 4194309 (bg #128 + 5), Inode bitmap at 4194325 (bg #128 + 21)
  Inode table at 4196896-4197407 (bg #128 + 2592)
  32768 free blocks, 8192 free inodes, 0 directories, 8192 unused inodes
  Free blocks: 4358144-4390911
  Free inodes: 1089537-1097728
Group 134: (Blocks 4390912-4423679) [INODE_UNINIT, BLOCK_UNINIT, ITABLE_ZEROED]
  Checksum 0x6529, unused inodes 8192
  Block bitmap at 4194310 (bg #128 + 6), Inode bitmap at 4194326 (bg #128 + 22)
  Inode table at 4197408-4197919 (bg #128 + 3104)
  32768 free blocks, 8192 free inodes, 0 directories, 8192 unused inodes
  Free blocks: 4390912-4423679
  Free inodes: 1097729-1105920
Group 135: (Blocks 4423680-4456447) [INODE_UNINIT, BLOCK_UNINIT, ITABLE_ZEROED]
  Checksum 0xc5f2, unused inodes 8192
  Block bitmap at 4194311 (bg #128 + 7), Inode bitmap at 4194327 (bg #128 + 23)
  Inode table at 4197920-4198431 (bg #128 + 3616)
  32768 free blocks, 8192 free inodes, 0 directories, 8192 unused inodes
  Free blocks: 4423680-4456447
  Free inodes: 1105921-1114112
Group 136: (Blocks 4456448-4489215) [INODE_UNINIT, BLOCK_UNINIT, ITABLE_ZEROED]
  Checksum 0x6122, unused inodes 8192
  Block bitmap at 4194312 (bg #128 + 8), Inode bitmap at 4194328 (bg #128 + 24)
  Inode table at 4198432-4198943 (bg #128 + 4128)
  32768 free blocks, 8192 free inodes, 0 directories, 8192 unused inodes
  Free blocks: 4456448-4489215
  Free inodes: 1114113-1122304
Group 137: (Blocks 4489216-4521983) [INODE_UNINIT, BLOCK_UNINIT, ITABLE_ZEROED]
  Checksum 0xc1f9, unused inodes 8192
  Block bitmap at 4194313 (bg #128 + 9), Inode bitmap at 4194329 (bg #128 + 25)
  Inode table at 4198944-4199455 (bg #128 + 4640)
  32768 free blocks, 8192 free inodes, 0 directories, 8192 unused inodes
  Free blocks: 4489216-4521983
  Free inodes: 1122305-1130496
Group 138: (Blocks 4521984-4554751) [INODE_UNINIT, BLOCK_UNINIT, ITABLE_ZEROED]
  Checksum 0x6097, unused inodes 8192
  Block bitmap at 4194314 (bg #128 + 10), Inode bitmap at 4194330 (bg #128 + 26)
  Inode table at 4199456-4199967 (bg #128 + 5152)
  32768 free blocks, 8192 free inodes, 0 directories, 8192 unused inodes
  Free blocks: 4521984-4554751
  Free inodes: 1130497-1138688
Group 139: (Blocks 4554752-4587519) [INODE_UNINIT, BLOCK_UNINIT, ITABLE_ZEROED]
  Checksum 0xc04c, unused inodes 8192
  Block bitmap at 4194315 (bg #128 + 11), Inode bitmap at 4194331 (bg #128 + 27)
  Inode table at 4199968-4200479 (bg #128 + 5664)
  32768 free blocks, 8192 free inodes, 0 directories, 8192 unused inodes
  Free blocks: 4554752-4587519
  Free inodes: 1138689-1146880
Group 140: (Blocks 4587520-4620287) [INODE_UNINIT, BLOCK_UNINIT, ITABLE_ZEROED]
  Checksum 0x6248, unused inodes 8192
  Block bitmap at 4194316 (bg #128 + 12), Inode bitmap at 4194332 (bg #128 + 28)
  Inode table at 4200480-4200991 (bg #128 + 6176)
  32768 free blocks, 8192 free inodes, 0 directories, 8192 unused inodes
  Free blocks: 4587520-4620287
  Free inodes: 1146881-1155072
Group 141: (Blocks 4620288-4653055) [INODE_UNINIT, BLOCK_UNINIT, ITABLE_ZEROED]
  Checksum 0xc293, unused inodes 8192
  Block bitmap at 4194317 (bg #128 + 13), Inode bitmap at 4194333 (bg #128 + 29)
  Inode table at 4200992-4201503 (bg #128 + 6688)
  32768 free blocks, 8192 free inodes, 0 directories, 8192 unused inodes
  Free blocks: 4620288-4653055
  Free inodes: 1155073-1163264
Group 142: (Blocks 4653056-4685823) [INODE_UNINIT, BLOCK_UNINIT, ITABLE_ZEROED]
  Checksum 0x63fd, unused inodes 8192
  Block bitmap at 4194318 (bg #128 + 14), Inode bitmap at 4194334 (bg #128 + 30)
  Inode table at 4201504-4202015 (bg #128 + 7200)
  32768 free blocks, 8192 free inodes, 0 directories, 8192 unused inodes
  Free blocks: 4653056-4685823
  Free inodes: 1163265-1171456
Group 143: (Blocks 4685824-4718591) [INODE_UNINIT, BLOCK_UNINIT, ITABLE_ZEROED]
  Checksum 0xc326, unused inodes 8192
  Block bitmap at 4194319 (bg #128 + 15), Inode bitmap at 4194335 (bg #128 + 31)
  Inode table at 4202016-4202527 (bg #128 + 7712)
  32768 free blocks, 8192 free inodes, 0 directories, 8192 unused inodes
  Free blocks: 4685824-4718591
  Free inodes: 1171457-1179648
Group 144: (Blocks 4718592-4751359) [ITABLE_ZEROED]
  Checksum 0xa8eb, unused inodes 0
  Block bitmap at 4718592 (+0), Inode bitmap at 4718608 (+16)
  Inode table at 4718624-4719135 (+32)
  23037 free blocks, 444 free inodes, 1210 directories
  Free blocks: 4728323-4751359
  Free inodes: 1185284-1185726, 1186376
Group 145: (Blocks 4751360-4784127) [ITABLE_ZEROED]
  Checksum 0x350b, unused inodes 6763
  Block bitmap at 4718593 (bg #144 + 1), Inode bitmap at 4718609 (bg #144 + 17)
  Inode table at 4719136-4719647 (bg #144 + 544)
  9125 free blocks, 6881 free inodes, 273 directories, 6763 unused inodes
  Free blocks: 4751367, 4751370-4751387, 4752676, 4752678-4752679, 4756563, 4756566-4756577, 4764872, 4764891, 4764895, 4764910, 4764918, 4764935, 4764963-4764965, 4764967, 4764990-4764992, 4764994, 4765006-4765008, 4765010, 4765017-4765019, 4765021, 4765040-4765042, 4765044, 4765060-4765062, 4765064, 4765097-4765099, 4765101, 4765132-4765134, 4765137, 4765325-4765327, 4765330, 4765509-4765511, 4765513, 4765551-4765552, 4765554, 4765557, 4765574-4765576, 4765578, 4765586-4765588, 4765591, 4765693-4765695, 4765813, 4765830-4765832, 4765841, 4766278-4766279, 4766474-4766475, 4766511, 4766525-4766527, 4766767, 4766816-4767231, 4771588-4771591, 4771797, 4771853, 4771874, 4771879, 4771889-4772351, 4772864-4773196, 4773198-4773210, 4773212-4773224, 4773349, 4773362-4773363, 4773567, 4773572, 4773579, 4773866, 4773870-4773872, 4773874-4773876, 4774403-4774404, 4774406, 4774413-4774415, 4774492, 4774494-4774497, 4774499-4774501, 4774509, 4774511-4774513, 4774515-4774517, 4774526, 4774528-4774529, 4774531, 4774539-4774541, 4774546, 4774548-4774550, 4774552-4774554, 4774564, 4774566-4774568, 4774570-4774572, 4774575-4774576, 4774612, 4774614-4774616, 4774619-4774621, 4774703-4774704, 4774706-4774708, 4774710-4774712, 4774757, 4774770, 4774772-4774773, 4774776, 4774791-4774793, 4775888-4775889, 4775891, 4775894, 4775900-4775901, 4775903, 4775906, 4775935, 4776448-4784127
  Free inodes: 1188905, 1189153-1196032
Group 146: (Blocks 4784128-4816895) [INODE_UNINIT, ITABLE_ZEROED]
  Checksum 0x31fc, unused inodes 8192
  Block bitmap at 4718594 (bg #144 + 2), Inode bitmap at 4718610 (bg #144 + 18)
  Inode table at 4719648-4720159 (bg #144 + 1056)
  29207 free blocks, 8192 free inodes, 0 directories, 8192 unused inodes
  Free blocks: 4787689-4816895
  Free inodes: 1196033-1204224
Group 147: (Blocks 4816896-4849663) [INODE_UNINIT, BLOCK_UNINIT, ITABLE_ZEROED]
  Checksum 0xb58e, unused inodes 8192
  Block bitmap at 4718595 (bg #144 + 3), Inode bitmap at 4718611 (bg #144 + 19)
  Inode table at 4720160-4720671 (bg #144 + 1568)
  32768 free blocks, 8192 free inodes, 0 directories, 8192 unused inodes
  Free blocks: 4816896-4849663
  Free inodes: 1204225-1212416
Group 148: (Blocks 4849664-4882431) [INODE_UNINIT, BLOCK_UNINIT, ITABLE_ZEROED]
  Checksum 0x178a, unused inodes 8192
  Block bitmap at 4718596 (bg #144 + 4), Inode bitmap at 4718612 (bg #144 + 20)
  Inode table at 4720672-4721183 (bg #144 + 2080)
  32768 free blocks, 8192 free inodes, 0 directories, 8192 unused inodes
  Free blocks: 4849664-4882431
  Free inodes: 1212417-1220608
Group 149: (Blocks 4882432-4915199) [INODE_UNINIT, BLOCK_UNINIT, ITABLE_ZEROED]
  Checksum 0xb751, unused inodes 8192
  Block bitmap at 4718597 (bg #144 + 5), Inode bitmap at 4718613 (bg #144 + 21)
  Inode table at 4721184-4721695 (bg #144 + 2592)
  32768 free blocks, 8192 free inodes, 0 directories, 8192 unused inodes
  Free blocks: 4882432-4915199
  Free inodes: 1220609-1228800
Group 150: (Blocks 4915200-4947967) [INODE_UNINIT, BLOCK_UNINIT, ITABLE_ZEROED]
  Checksum 0x163f, unused inodes 8192
  Block bitmap at 4718598 (bg #144 + 6), Inode bitmap at 4718614 (bg #144 + 22)
  Inode table at 4721696-4722207 (bg #144 + 3104)
  32768 free blocks, 8192 free inodes, 0 directories, 8192 unused inodes
  Free blocks: 4915200-4947967
  Free inodes: 1228801-1236992
Group 151: (Blocks 4947968-4980735) [INODE_UNINIT, BLOCK_UNINIT, ITABLE_ZEROED]
  Checksum 0xb6e4, unused inodes 8192
  Block bitmap at 4718599 (bg #144 + 7), Inode bitmap at 4718615 (bg #144 + 23)
  Inode table at 4722208-4722719 (bg #144 + 3616)
  32768 free blocks, 8192 free inodes, 0 directories, 8192 unused inodes
  Free blocks: 4947968-4980735
  Free inodes: 1236993-1245184
Group 152: (Blocks 4980736-5013503) [INODE_UNINIT, BLOCK_UNINIT, ITABLE_ZEROED]
  Checksum 0x1234, unused inodes 8192
  Block bitmap at 4718600 (bg #144 + 8), Inode bitmap at 4718616 (bg #144 + 24)
  Inode table at 4722720-4723231 (bg #144 + 4128)
  32768 free blocks, 8192 free inodes, 0 directories, 8192 unused inodes
  Free blocks: 4980736-5013503
  Free inodes: 1245185-1253376
Group 153: (Blocks 5013504-5046271) [INODE_UNINIT, BLOCK_UNINIT, ITABLE_ZEROED]
  Checksum 0xb2ef, unused inodes 8192
  Block bitmap at 4718601 (bg #144 + 9), Inode bitmap at 4718617 (bg #144 + 25)
  Inode table at 4723232-4723743 (bg #144 + 4640)
  32768 free blocks, 8192 free inodes, 0 directories, 8192 unused inodes
  Free blocks: 5013504-5046271
  Free inodes: 1253377-1261568
Group 154: (Blocks 5046272-5079039) [INODE_UNINIT, BLOCK_UNINIT, ITABLE_ZEROED]
  Checksum 0x1381, unused inodes 8192
  Block bitmap at 4718602 (bg #144 + 10), Inode bitmap at 4718618 (bg #144 + 26)
  Inode table at 4723744-4724255 (bg #144 + 5152)
  32768 free blocks, 8192 free inodes, 0 directories, 8192 unused inodes
  Free blocks: 5046272-5079039
  Free inodes: 1261569-1269760
Group 155: (Blocks 5079040-5111807) [INODE_UNINIT, BLOCK_UNINIT, ITABLE_ZEROED]
  Checksum 0xb35a, unused inodes 8192
  Block bitmap at 4718603 (bg #144 + 11), Inode bitmap at 4718619 (bg #144 + 27)
  Inode table at 4724256-4724767 (bg #144 + 5664)
  32768 free blocks, 8192 free inodes, 0 directories, 8192 unused inodes
  Free blocks: 5079040-5111807
  Free inodes: 1269761-1277952
Group 156: (Blocks 5111808-5144575) [INODE_UNINIT, BLOCK_UNINIT, ITABLE_ZEROED]
  Checksum 0x115e, unused inodes 8192
  Block bitmap at 4718604 (bg #144 + 12), Inode bitmap at 4718620 (bg #144 + 28)
  Inode table at 4724768-4725279 (bg #144 + 6176)
  32768 free blocks, 8192 free inodes, 0 directories, 8192 unused inodes
  Free blocks: 5111808-5144575
  Free inodes: 1277953-1286144
Group 157: (Blocks 5144576-5177343) [INODE_UNINIT, BLOCK_UNINIT, ITABLE_ZEROED]
  Checksum 0xb185, unused inodes 8192
  Block bitmap at 4718605 (bg #144 + 13), Inode bitmap at 4718621 (bg #144 + 29)
  Inode table at 4725280-4725791 (bg #144 + 6688)
  32768 free blocks, 8192 free inodes, 0 directories, 8192 unused inodes
  Free blocks: 5144576-5177343
  Free inodes: 1286145-1294336
Group 158: (Blocks 5177344-5210111) [INODE_UNINIT, BLOCK_UNINIT, ITABLE_ZEROED]
  Checksum 0x10eb, unused inodes 8192
  Block bitmap at 4718606 (bg #144 + 14), Inode bitmap at 4718622 (bg #144 + 30)
  Inode table at 4725792-4726303 (bg #144 + 7200)
  32768 free blocks, 8192 free inodes, 0 directories, 8192 unused inodes
  Free blocks: 5177344-5210111
  Free inodes: 1294337-1302528
Group 159: (Blocks 5210112-5242879) [INODE_UNINIT, BLOCK_UNINIT, ITABLE_ZEROED]
  Checksum 0xb030, unused inodes 8192
  Block bitmap at 4718607 (bg #144 + 15), Inode bitmap at 4718623 (bg #144 + 31)
  Inode table at 4726304-4726815 (bg #144 + 7712)
  32768 free blocks, 8192 free inodes, 0 directories, 8192 unused inodes
  Free blocks: 5210112-5242879
  Free inodes: 1302529-1310720
Group 160: (Blocks 5242880-5275647) [ITABLE_ZEROED]
  Checksum 0x2238, unused inodes 0
  Block bitmap at 5242880 (+0), Inode bitmap at 5242896 (+16)
  Inode table at 5242912-5243423 (+32)
  23042 free blocks, 237 free inodes, 1436 directories
  Free blocks: 5252606-5275647
  Free inodes: 1314177, 1314258, 1315074-1315209, 1316245-1316246, 1316421, 1318817-1318912
Group 161: (Blocks 5275648-5308415) [ITABLE_ZEROED]
  Checksum 0x88d7, unused inodes 6614
  Block bitmap at 5242881 (bg #160 + 1), Inode bitmap at 5242897 (bg #160 + 17)
  Inode table at 5243424-5243935 (bg #160 + 544)
  14874 free blocks, 7525 free inodes, 47 directories, 6614 unused inodes
  Free blocks: 5276200-5276203, 5277918-5277957, 5279095-5279096, 5279142-5279158, 5279160-5279161, 5279279-5279286, 5279289-5279293, 5279764-5279765, 5283548-5284149, 5284724-5284768, 5284771-5284772, 5284835-5284838, 5285179, 5285187-5285343, 5285345-5285375, 5287474-5287478, 5287685, 5287936-5288042, 5288116-5288120, 5288178, 5292032-5300223, 5301373-5301759, 5303149-5303151, 5303153-5303235, 5303240, 5303245, 5303249-5303257, 5303259-5308415
  Free inodes: 1318913-1319094, 1319757, 1319763-1327104
Group 162: (Blocks 5308416-5341183) [INODE_UNINIT, ITABLE_ZEROED]
  Checksum 0x4ab0, unused inodes 8192
  Block bitmap at 5242882 (bg #160 + 2), Inode bitmap at 5242898 (bg #160 + 18)
  Inode table at 5243936-5244447 (bg #160 + 1056)
  31042 free blocks, 8192 free inodes, 0 directories, 8192 unused inodes
  Free blocks: 5310142-5341183
  Free inodes: 1327105-1335296
Group 163: (Blocks 5341184-5373951) [INODE_UNINIT, BLOCK_UNINIT, ITABLE_ZEROED]
  Checksum 0x20b4, unused inodes 8192
  Block bitmap at 5242883 (bg #160 + 3), Inode bitmap at 5242899 (bg #160 + 19)
  Inode table at 5244448-5244959 (bg #160 + 1568)
  32768 free blocks, 8192 free inodes, 0 directories, 8192 unused inodes
  Free blocks: 5341184-5373951
  Free inodes: 1335297-1343488
Group 164: (Blocks 5373952-5406719) [INODE_UNINIT, BLOCK_UNINIT, ITABLE_ZEROED]
  Checksum 0x82b0, unused inodes 8192
  Block bitmap at 5242884 (bg #160 + 4), Inode bitmap at 5242900 (bg #160 + 20)
  Inode table at 5244960-5245471 (bg #160 + 2080)
  32768 free blocks, 8192 free inodes, 0 directories, 8192 unused inodes
  Free blocks: 5373952-5406719
  Free inodes: 1343489-1351680
Group 165: (Blocks 5406720-5439487) [INODE_UNINIT, BLOCK_UNINIT, ITABLE_ZEROED]
  Checksum 0x226b, unused inodes 8192
  Block bitmap at 5242885 (bg #160 + 5), Inode bitmap at 5242901 (bg #160 + 21)
  Inode table at 5245472-5245983 (bg #160 + 2592)
  32768 free blocks, 8192 free inodes, 0 directories, 8192 unused inodes
  Free blocks: 5406720-5439487
  Free inodes: 1351681-1359872
Group 166: (Blocks 5439488-5472255) [INODE_UNINIT, BLOCK_UNINIT, ITABLE_ZEROED]
  Checksum 0x8305, unused inodes 8192
  Block bitmap at 5242886 (bg #160 + 6), Inode bitmap at 5242902 (bg #160 + 22)
  Inode table at 5245984-5246495 (bg #160 + 3104)
  32768 free blocks, 8192 free inodes, 0 directories, 8192 unused inodes
  Free blocks: 5439488-5472255
  Free inodes: 1359873-1368064
Group 167: (Blocks 5472256-5505023) [INODE_UNINIT, BLOCK_UNINIT, ITABLE_ZEROED]
  Checksum 0x23de, unused inodes 8192
  Block bitmap at 5242887 (bg #160 + 7), Inode bitmap at 5242903 (bg #160 + 23)
  Inode table at 5246496-5247007 (bg #160 + 3616)
  32768 free blocks, 8192 free inodes, 0 directories, 8192 unused inodes
  Free blocks: 5472256-5505023
  Free inodes: 1368065-1376256
Group 168: (Blocks 5505024-5537791) [INODE_UNINIT, BLOCK_UNINIT, ITABLE_ZEROED]
  Checksum 0x870e, unused inodes 8192
  Block bitmap at 5242888 (bg #160 + 8), Inode bitmap at 5242904 (bg #160 + 24)
  Inode table at 5247008-5247519 (bg #160 + 4128)
  32768 free blocks, 8192 free inodes, 0 directories, 8192 unused inodes
  Free blocks: 5505024-5537791
  Free inodes: 1376257-1384448
Group 169: (Blocks 5537792-5570559) [INODE_UNINIT, BLOCK_UNINIT, ITABLE_ZEROED]
  Checksum 0x27d5, unused inodes 8192
  Block bitmap at 5242889 (bg #160 + 9), Inode bitmap at 5242905 (bg #160 + 25)
  Inode table at 5247520-5248031 (bg #160 + 4640)
  32768 free blocks, 8192 free inodes, 0 directories, 8192 unused inodes
  Free blocks: 5537792-5570559
  Free inodes: 1384449-1392640
Group 170: (Blocks 5570560-5603327) [INODE_UNINIT, BLOCK_UNINIT, ITABLE_ZEROED]
  Checksum 0x86bb, unused inodes 8192
  Block bitmap at 5242890 (bg #160 + 10), Inode bitmap at 5242906 (bg #160 + 26)
  Inode table at 5248032-5248543 (bg #160 + 5152)
  32768 free blocks, 8192 free inodes, 0 directories, 8192 unused inodes
  Free blocks: 5570560-5603327
  Free inodes: 1392641-1400832
Group 171: (Blocks 5603328-5636095) [INODE_UNINIT, BLOCK_UNINIT, ITABLE_ZEROED]
  Checksum 0x2660, unused inodes 8192
  Block bitmap at 5242891 (bg #160 + 11), Inode bitmap at 5242907 (bg #160 + 27)
  Inode table at 5248544-5249055 (bg #160 + 5664)
  32768 free blocks, 8192 free inodes, 0 directories, 8192 unused inodes
  Free blocks: 5603328-5636095
  Free inodes: 1400833-1409024
Group 172: (Blocks 5636096-5668863) [INODE_UNINIT, BLOCK_UNINIT, ITABLE_ZEROED]
  Checksum 0x8464, unused inodes 8192
  Block bitmap at 5242892 (bg #160 + 12), Inode bitmap at 5242908 (bg #160 + 28)
  Inode table at 5249056-5249567 (bg #160 + 6176)
  32768 free blocks, 8192 free inodes, 0 directories, 8192 unused inodes
  Free blocks: 5636096-5668863
  Free inodes: 1409025-1417216
Group 173: (Blocks 5668864-5701631) [INODE_UNINIT, BLOCK_UNINIT, ITABLE_ZEROED]
  Checksum 0x24bf, unused inodes 8192
  Block bitmap at 5242893 (bg #160 + 13), Inode bitmap at 5242909 (bg #160 + 29)
  Inode table at 5249568-5250079 (bg #160 + 6688)
  32768 free blocks, 8192 free inodes, 0 directories, 8192 unused inodes
  Free blocks: 5668864-5701631
  Free inodes: 1417217-1425408
Group 174: (Blocks 5701632-5734399) [INODE_UNINIT, BLOCK_UNINIT, ITABLE_ZEROED]
  Checksum 0x85d1, unused inodes 8192
  Block bitmap at 5242894 (bg #160 + 14), Inode bitmap at 5242910 (bg #160 + 30)
  Inode table at 5250080-5250591 (bg #160 + 7200)
  32768 free blocks, 8192 free inodes, 0 directories, 8192 unused inodes
  Free blocks: 5701632-5734399
  Free inodes: 1425409-1433600
Group 175: (Blocks 5734400-5767167) [INODE_UNINIT, BLOCK_UNINIT, ITABLE_ZEROED]
  Checksum 0x250a, unused inodes 8192
  Block bitmap at 5242895 (bg #160 + 15), Inode bitmap at 5242911 (bg #160 + 31)
  Inode table at 5250592-5251103 (bg #160 + 7712)
  32768 free blocks, 8192 free inodes, 0 directories, 8192 unused inodes
  Free blocks: 5734400-5767167
  Free inodes: 1433601-1441792
Group 176: (Blocks 5767168-5799935) [ITABLE_ZEROED]
  Checksum 0x36ed, unused inodes 0
  Block bitmap at 5767168 (+0), Inode bitmap at 5767184 (+16)
  Inode table at 5767200-5767711 (+32)
  23011 free blocks, 1093 free inodes, 954 directories
  Free blocks: 5776160-5776191, 5776205-5776207, 5776960-5799935
  Free inodes: 1441949, 1443999-1444012, 1444088-1444089, 1445946-1447021
Group 177: (Blocks 5799936-5832703) [ITABLE_ZEROED]
  Checksum 0xedc5, unused inodes 4022
  Block bitmap at 5767169 (bg #176 + 1), Inode bitmap at 5767185 (bg #176 + 17)
  Inode table at 5767712-5768223 (bg #176 + 544)
  2173 free blocks, 4022 free inodes, 529 directories, 4022 unused inodes
  Free blocks: 5801034-5801037, 5802380-5802413, 5803594-5803612, 5803658-5803675, 5803824-5803853, 5803868-5803871, 5803962-5803963, 5803970-5803994, 5813274-5813323, 5829744-5829822, 5830417-5832324
  Free inodes: 1454155-1458176
Group 178: (Blocks 5832704-5865471) [INODE_UNINIT, ITABLE_ZEROED]
  Checksum 0x11b7, unused inodes 8192
  Block bitmap at 5767170 (bg #176 + 2), Inode bitmap at 5767186 (bg #176 + 18)
  Inode table at 5768224-5768735 (bg #176 + 1056)
  24420 free blocks, 8192 free inodes, 0 directories, 8192 unused inodes
  Free blocks: 5839768-5839871, 5840613, 5840632-5840655, 5840665, 5840669, 5840673, 5840679-5840689, 5840691-5840895, 5840957-5840958, 5840960, 5841403-5865471
  Free inodes: 1458177-1466368
